******************************************************************************
            TI ARM Clang Linker PC v3.2.2                      
******************************************************************************
>> Linked Mon Jul 29 12:05:26 2024

OUTPUT FILE NAME:   <MPU6050_Hardware_IIC.out>
ENTRY POINT SYMBOL: "_c_int00_noargs"  address: 00005c55


MEMORY CONFIGURATION

         name            origin    length      used     unused   attr    fill
----------------------  --------  ---------  --------  --------  ----  --------
  FLASH                 00000000   00020000  00007ab8  00018548  R  X
  SRAM                  20200000   00008000  0000045c  00007ba4  RW X
  BCR_CONFIG            41c00000   00000080  00000000  00000080  R   
  BSL_CONFIG            41c00100   00000080  00000000  00000080  R   


SEGMENT ALLOCATION MAP

run origin  load origin   length   init length attrs members
----------  ----------- ---------- ----------- ----- -------
00000000    00000000    00007ab8   00007ab8    r-x
  00000000    00000000    000000c0   000000c0    r-- .intvecs
  000000c0    000000c0    00006250   00006250    r-x .text
  00006310    00006310    00001740   00001740    r-- .rodata
  00007a50    00007a50    00000068   00000068    r-- .cinit
20200000    20200000    0000025c   00000000    rw-
  20200000    20200000    00000144   00000000    rw- .data
  20200144    20200144    00000118   00000000    rw- .bss
20207e00    20207e00    00000200   00000000    rw-
  20207e00    20207e00    00000200   00000000    rw- .stack


SECTION ALLOCATION MAP

 output                                  attributes/
section   page    origin      length       input sections
--------  ----  ----------  ----------   ----------------
.intvecs   0    00000000    000000c0     
                  00000000    000000c0     startup_mspm0g350x_ticlang.o (.intvecs)

.text      0    000000c0    00006250     
                  000000c0    00000a00     libc.a : _printfi.c.obj (.text:__TI_printfi)
                  00000ac0    00000370            : e_asin.c.obj (.text.asin)
                  00000e30    000002f8            : s_atan.c.obj (.text.atan)
                  00001128    00000278     inv_mpu_dmp_motion_driver.o (.text.dmp_enable_feature)
                  000013a0    00000238     inv_mpu_dmp_motion_driver.o (.text.dmp_set_tap_thresh)
                  000015d8    0000022c     inv_mpu.o (.text.mpu_reset_fifo)
                  00001804    00000220     libc.a : _printfi.c.obj (.text._pconv_a)
                  00001a24    00000214     inv_mpu.o (.text.mpu_dmp_get_data)
                  00001c38    00000214     inv_mpu.o (.text.mpu_init)
                  00001e4c    000001f4     inv_mpu_dmp_motion_driver.o (.text.dmp_read_fifo)
                  00002040    000001dc     libc.a : _printfi.c.obj (.text._pconv_g)
                  0000221c    000001a0     inv_mpu.o (.text.mpu_set_bypass)
                  000023bc    00000198     libc.a : e_atan2.c.obj (.text.atan2)
                  00002554    00000192     libclang_rt.builtins.a : adddf3.S.obj (.text.adddf3_subdf3)
                  000026e6    00000002                            : aeabi_div0.c.obj (.text.__aeabi_idiv0)
                  000026e8    00000184     libc.a : e_sqrt.c.obj (.text.sqrt)
                  0000286c    00000178     inv_mpu_dmp_motion_driver.o (.text.dmp_set_orientation)
                  000029e4    0000016c     mpu6050.o (.text.main)
                  00002b50    0000013c     libc.a : _printfi.c.obj (.text.fcvt)
                  00002c8c    00000134     bsp_mpu6050.o (.text.MPU6050_ReadData)
                  00002dc0    00000130     inv_mpu.o (.text.mpu_set_sensors)
                  00002ef0    0000012c     bsp_mpu6050.o (.text.I2C1_IRQHandler)
                  0000301c    00000124     bsp_mpu6050.o (.text.MPU6050_WriteReg)
                  00003140    00000124     inv_mpu.o (.text.mpu_load_firmware)
                  00003264    00000120     libc.a : _printfi.c.obj (.text._pconv_e)
                  00003384    00000118     inv_mpu.o (.text.mpu_dmp_init)
                  0000349c    00000110     inv_mpu.o (.text.mpu_lp_accel_mode)
                  000035ac    0000010c     libclang_rt.builtins.a : divdf3.S.obj (.text.__divdf3)
                  000036b8    00000108     inv_mpu.o (.text.mpu_read_fifo_stream)
                  000037c0    00000104     oled.o (.text.OLED_ShowChar)
                  000038c4    000000fa     oled.o (.text.OLED_Init)
                  000039be    00000002     libclang_rt.builtins.a : aeabi_div0.c.obj (.text.__aeabi_ldiv0)
                  000039c0    000000ec     inv_mpu.o (.text.mpu_set_sample_rate)
                  00003aac    000000e4     libclang_rt.builtins.a : muldf3.S.obj (.text.__muldf3)
                  00003b90    000000e4     inv_mpu.o (.text.mpu_set_accel_fsr)
                  00003c74    000000dc     driverlib.a : dl_sysctl_mspm0g1x0x_g3x0x.o (.text.DL_SYSCTL_configSYSPLL)
                  00003d50    000000d8     libc.a : s_scalbn.c.obj (.text.scalbn)
                  00003e28    000000d8     libclang_rt.builtins.a : addsf3.S.obj (.text)
                  00003f00    000000d4     inv_mpu.o (.text.set_int_enable)
                  00003fd4    000000d0     inv_mpu.o (.text.mpu_set_lpf)
                  000040a4    000000ce     bsp_mpu6050.o (.text.MPU6050_Init)
                  00004172    00000002     libc.a : _lock.c.obj (.text._nop)
                  00004174    000000c4     inv_mpu.o (.text.mpu_set_gyro_fsr)
                  00004238    000000bc     inv_mpu.o (.text.mpu_configure_fifo)
                  000042f4    000000b8     inv_mpu.o (.text.mpu_set_dmp_state)
                  000043ac    000000ac     inv_mpu.o (.text.mpu_read_mem)
                  00004458    000000ac     inv_mpu.o (.text.mpu_write_mem)
                  00004504    000000a2     libclang_rt.builtins.a : udivmoddi4.S.obj (.text)
                  000045a6    00000002     --HOLE-- [fill = 0]
                  000045a8    0000009c     inv_mpu.o (.text.mpu_set_int_latched)
                  00004644    00000098     inv_mpu_dmp_motion_driver.o (.text.dmp_set_fifo_rate)
                  000046dc    00000096     inv_mpu.o (.text.inv_row_2_scale)
                  00004772    00000090     bsp_mpu6050.o (.text.MPU_Set_LPF)
                  00004802    00000002     --HOLE-- [fill = 0]
                  00004804    0000008c     libclang_rt.builtins.a : mulsf3.S.obj (.text.__mulsf3)
                  00004890    0000008c     inv_mpu_dmp_motion_driver.o (.text.decode_gesture)
                  0000491c    00000082     libclang_rt.builtins.a : divsf3.S.obj (.text.__divsf3)
                  0000499e    00000002     --HOLE-- [fill = 0]
                  000049a0    0000007c     oled.o (.text.Send_Byte)
                  00004a1c    00000078     libc.a : copy_decompress_lzss.c.obj (.text:decompress:lzss)
                  00004a94    00000074     ti_msp_dl_config.o (.text.SYSCFG_DL_GPIO_init)
                  00004b08    00000008     libc.a : aeabi_portable.c.obj (.text.__aeabi_errno_addr)
                  00004b10    00000074     libclang_rt.builtins.a : truncdfsf2.S.obj (.text.__truncdfsf2)
                  00004b84    00000074     inv_mpu.o (.text.mpu_get_accel_fsr)
                  00004bf8    00000070     bsp_mpu6050.o (.text.MPU_Set_Rate)
                  00004c68    00000070     oled.o (.text.OLED_ShowString)
                  00004cd8    00000070     libclang_rt.builtins.a : comparedf2.c.obj (.text.__gedf2)
                  00004d48    0000006c                            : comparedf2.c.obj (.text.__ledf2)
                  00004db4    0000006a     oled.o (.text.OLED_Clear)
                  00004e1e    00000066     libc.a : _printfi.c.obj (.text._mcpy)
                  00004e84    00000066     inv_mpu_dmp_motion_driver.o (.text.dmp_set_tap_axes)
                  00004eea    00000002     --HOLE-- [fill = 0]
                  00004eec    00000064     ti_msp_dl_config.o (.text.SYSCFG_DL_I2C_MPU6050_init)
                  00004f50    00000062     libclang_rt.builtins.a : aeabi_dcmp.S.obj (.text.__aeabi_dcmp)
                  00004fb2    00000002     --HOLE-- [fill = 0]
                  00004fb4    00000060     inv_mpu_dmp_motion_driver.o (.text.dmp_enable_gyro_cal)
                  00005014    0000005e     driverlib.a : dl_i2c.o (.text.DL_I2C_fillControllerTXFIFO)
                  00005072    00000002     --HOLE-- [fill = 0]
                  00005074    0000005c     bsp_mpu6050.o (.text.MPU6050ReadID)
                  000050d0    0000005c     libc.a : s_frexp.c.obj (.text.frexp)
                  0000512c    0000005c            : printf.c.obj (.text.printf)
                  00005188    00000058     ti_msp_dl_config.o (.text.SYSCFG_DL_initPower)
                  000051e0    00000058     libc.a : _ltoa.c.obj (.text.__TI_ltoa)
                  00005238    00000058            : _printfi.c.obj (.text._pconv_f)
                  00005290    00000056     libclang_rt.builtins.a : aeabi_idivmod.S.obj (.text.__aeabi_idivmod)
                  000052e6    00000052     libc.a : _printfi.c.obj (.text._ecpy)
                  00005338    00000050     bsp_mpu6050.o (.text.DL_I2C_startControllerTransfer)
                  00005388    00000050     board.o (.text.fputs)
                  000053d8    0000004e     oled.o (.text.OLED_WR_Byte)
                  00005426    00000002     --HOLE-- [fill = 0]
                  00005428    0000004c     ti_msp_dl_config.o (.text.DL_UART_setBaudRateDivisor)
                  00005474    0000004a     libclang_rt.builtins.a : fixdfsi.S.obj (.text.__fixdfsi)
                  000054be    00000002     --HOLE-- [fill = 0]
                  000054c0    00000048     driverlib.a : dl_uart.o (.text.DL_UART_init)
                  00005508    00000048     inv_mpu_dmp_motion_driver.o (.text.dmp_enable_6x_lp_quat)
                  00005550    00000048     inv_mpu_dmp_motion_driver.o (.text.dmp_enable_lp_quat)
                  00005598    00000044     driverlib.a : dl_sysctl_mspm0g1x0x_g3x0x.o (.text.DL_SYSCTL_switchMCLKfromSYSOSCtoHSCLK)
                  000055dc    00000044     inv_mpu_dmp_motion_driver.o (.text.dmp_set_shake_reject_thresh)
                  00005620    00000044     inv_mpu_dmp_motion_driver.o (.text.dmp_set_tap_count)
                  00005664    00000040     ti_msp_dl_config.o (.text.SYSCFG_DL_UART_0_init)
                  000056a4    00000040     libclang_rt.builtins.a : aeabi_uidivmod.S.obj (.text.__aeabi_uidivmod)
                  000056e4    00000040                            : extendsfdf2.S.obj (.text.__extendsfdf2)
                  00005724    00000040     libc.a : atoi.c.obj (.text.atoi)
                  00005764    0000003e     inv_mpu.o (.text.inv_orientation_matrix_to_scalar)
                  000057a2    00000002     --HOLE-- [fill = 0]
                  000057a4    0000003c     ti_msp_dl_config.o (.text.DL_GPIO_initPeripheralInputFunctionFeatures)
                  000057e0    0000003c     oled.o (.text.OLED_Set_Pos)
                  0000581c    0000003c     ti_msp_dl_config.o (.text.SYSCFG_DL_SYSCTL_init)
                  00005858    0000003c     libclang_rt.builtins.a : floatsisf.S.obj (.text.__floatsisf)
                  00005894    0000003c     libc.a : autoinit.c.obj (.text:__TI_auto_init_nobinit_nopinit)
                  000058d0    0000003a     libclang_rt.builtins.a : muldsi3.S.obj (.text.__muldsi3)
                  0000590a    00000002     --HOLE-- [fill = 0]
                  0000590c    00000038     oled.o (.text.I2C_Start)
                  00005944    00000038     libclang_rt.builtins.a : fixsfsi.S.obj (.text.__fixsfsi)
                  0000597c    00000038     libc.a : sprintf.c.obj (.text.sprintf)
                  000059b4    00000032     inv_mpu_dmp_motion_driver.o (.text.dmp_set_shake_reject_time)
                  000059e6    00000032     inv_mpu_dmp_motion_driver.o (.text.dmp_set_shake_reject_timeout)
                  00005a18    00000030     oled.o (.text.I2C_Stop)
                  00005a48    00000030     oled.o (.text.I2C_WaitAck)
                  00005a78    00000030     libc.a : _printfi.c.obj (.text._fcpy)
                  00005aa8    00000030     inv_mpu_dmp_motion_driver.o (.text.dmp_set_tap_time)
                  00005ad8    00000030     inv_mpu_dmp_motion_driver.o (.text.dmp_set_tap_time_multi)
                  00005b08    0000002c     board.o (.text.__NVIC_ClearPendingIRQ)
                  00005b34    0000002c     board.o (.text.__NVIC_EnableIRQ)
                  00005b60    0000002c     libclang_rt.builtins.a : floatsidf.S.obj (.text.__floatsidf)
                  00005b8c    00000028     bsp_mpu6050.o (.text.DL_Common_updateReg)
                  00005bb4    00000028     ti_msp_dl_config.o (.text.DL_Common_updateReg)
                  00005bdc    00000028     ti_msp_dl_config.o (.text.DL_I2C_setControllerRXFIFOThreshold)
                  00005c04    00000028     ti_msp_dl_config.o (.text.DL_I2C_setControllerTXFIFOThreshold)
                  00005c2c    00000028     libclang_rt.builtins.a : floatunsisf.S.obj (.text.__floatunsisf)
                  00005c54    00000028     libc.a : boot_cortex_m.c.obj (.text:_c_int00_noargs)
                  00005c7c    00000026     ti_msp_dl_config.o (.text.DL_I2C_setAnalogGlitchFilterPulseWidth)
                  00005ca2    00000026     driverlib.a : dl_i2c.o (.text.DL_I2C_setClockConfig)
                  00005cc8    00000024     libclang_rt.builtins.a : muldi3.S.obj (.text.__muldi3)
                  00005cec    00000022     libc.a : memccpy.c.obj (.text.memccpy)
                  00005d0e    00000002     --HOLE-- [fill = 0]
                  00005d10    00000020     ti_msp_dl_config.o (.text.DL_GPIO_initPeripheralInputFunction)
                  00005d30    00000020     ti_msp_dl_config.o (.text.DL_SYSCTL_setFlashWaitState)
                  00005d50    00000020     driverlib.a : dl_uart.o (.text.DL_UART_transmitDataBlocking)
                  00005d70    00000020     board.o (.text.board_init)
                  00005d90    00000020     libc.a : memcmp.c.obj (.text.memcmp)
                  00005db0    0000001e     ti_msp_dl_config.o (.text.DL_UART_setOversampling)
                  00005dce    0000001e     bsp_mpu6050.o (.text.MPU_Set_Accel_Fsr)
                  00005dec    0000001e     bsp_mpu6050.o (.text.MPU_Set_Gyro_Fsr)
                  00005e0a    00000002     --HOLE-- [fill = 0]
                  00005e0c    0000001e     libclang_rt.builtins.a : ashldi3.S.obj (.text.__ashldi3)
                  00005e2a    00000002     --HOLE-- [fill = 0]
                  00005e2c    0000001c     ti_msp_dl_config.o (.text.DL_GPIO_enableHiZ)
                  00005e48    0000001c     ti_msp_dl_config.o (.text.DL_GPIO_initPeripheralOutputFunction)
                  00005e64    0000001c     bsp_mpu6050.o (.text.DL_I2C_disableInterrupt)
                  00005e80    0000001c     bsp_mpu6050.o (.text.DL_I2C_enableInterrupt)
                  00005e9c    0000001c     ti_msp_dl_config.o (.text.DL_I2C_enableInterrupt)
                  00005eb8    0000001c     bsp_mpu6050.o (.text.DL_I2C_isControllerRXFIFOEmpty)
                  00005ed4    0000001c     ti_msp_dl_config.o (.text.DL_SYSCTL_setSYSOSCFreq)
                  00005ef0    0000001c     ti_msp_dl_config.o (.text.DL_SYSCTL_setULPCLKDivider)
                  00005f0c    0000001c     inv_mpu_dmp_motion_driver.o (.text.dmp_load_motion_driver_firmware)
                  00005f28    0000001c     board.o (.text.fputc)
                  00005f44    00000018     ti_msp_dl_config.o (.text.DL_GPIO_enableOutput)
                  00005f5c    00000018     ti_msp_dl_config.o (.text.DL_GPIO_enablePower)
                  00005f74    00000018     ti_msp_dl_config.o (.text.DL_GPIO_initDigitalOutput)
                  00005f8c    00000018     ti_msp_dl_config.o (.text.DL_GPIO_reset)
                  00005fa4    00000018     oled.o (.text.DL_GPIO_setPins)
                  00005fbc    00000018     ti_msp_dl_config.o (.text.DL_I2C_enableAnalogGlitchFilter)
                  00005fd4    00000018     ti_msp_dl_config.o (.text.DL_I2C_enableController)
                  00005fec    00000018     ti_msp_dl_config.o (.text.DL_I2C_enableControllerClockStretching)
                  00006004    00000018     ti_msp_dl_config.o (.text.DL_I2C_enablePower)
                  0000601c    00000018     ti_msp_dl_config.o (.text.DL_I2C_reset)
                  00006034    00000018     ti_msp_dl_config.o (.text.DL_I2C_setTimerPeriod)
                  0000604c    00000018     ti_msp_dl_config.o (.text.DL_SYSCTL_setBORThreshold)
                  00006064    00000018     ti_msp_dl_config.o (.text.DL_UART_enablePower)
                  0000607c    00000018     ti_msp_dl_config.o (.text.DL_UART_reset)
                  00006094    00000018     ti_msp_dl_config.o (.text.SYSCFG_DL_init)
                  000060ac    00000018     libc.a : sprintf.c.obj (.text._outs)
                  000060c4    00000016     ti_msp_dl_config.o (.text.DL_UART_enable)
                  000060da    00000016     libc.a : copy_zero_init.c.obj (.text:decompress:ZI:__TI_zero_init_nomemset)
                  000060f0    00000014     oled.o (.text.DL_GPIO_clearPins)
                  00006104    00000014     ti_msp_dl_config.o (.text.DL_GPIO_clearPins)
                  00006118    00000014     bsp_mpu6050.o (.text.DL_I2C_getControllerStatus)
                  0000612c    00000014     bsp_mpu6050.o (.text.DL_I2C_receiveControllerData)
                  00006140    00000014     ti_msp_dl_config.o (.text.DL_I2C_resetControllerTransfer)
                  00006154    00000014     ti_msp_dl_config.o (.text.DL_SYSCTL_disableSYSPLL)
                  00006168    00000014     libclang_rt.builtins.a : aeabi_uldivmod.S.obj (.text.__aeabi_uldivmod)
                  0000617c    00000014     board.o (.text.delay_ms)
                  00006190    00000014     libc.a : _printfi.c.obj (.text.strchr)
                  000061a4    00000012     bsp_mpu6050.o (.text.DL_I2C_getPendingInterrupt)
                  000061b6    00000012     driverlib.a : dl_uart.o (.text.DL_UART_setClockConfig)
                  000061c8    00000012     libc.a : memcpy16.S.obj (.text:TI_memcpy_small)
                  000061da    00000012            : copy_decompress_none.c.obj (.text:decompress:none)
                  000061ec    00000010     ti_msp_dl_config.o (.text.DL_SYSCTL_disableHFXT)
                  000061fc    00000010     libc.a : wcslen.c.obj (.text.wcslen)
                  0000620c    0000000e     libclang_rt.builtins.a : aeabi_memset.S.obj (.text.__aeabi_memset)
                  0000621a    0000000e     libc.a : _printfi.c.obj (.text.strlen)
                  00006228    0000000e            : strlen.c.obj (.text.strlen)
                  00006236    0000000e            : memset16.S.obj (.text:TI_memset_small)
                  00006244    0000000a     driverlib.a : dl_common.o (.text.DL_Common_delayCycles)
                  0000624e    0000000a     libc.a : _printfi.c.obj (.text.OUTLINED_FUNCTION_0)
                  00006258    00000010     libclang_rt.builtins.a : adddf3.S.obj (.tramp.__aeabi_dsub.1)
                  00006268    0000000a     libc.a : e_asin.c.obj (.text.OUTLINED_FUNCTION_0)
                  00006272    00000002     --HOLE-- [fill = 0]
                  00006274    00000010     libclang_rt.builtins.a : muldf3.S.obj (.tramp.__aeabi_dmul.1)
                  00006284    0000000a     libc.a : s_atan.c.obj (.text.OUTLINED_FUNCTION_0)
                  0000628e    0000000a            : _printfi.c.obj (.text.OUTLINED_FUNCTION_1)
                  00006298    0000000a            : e_asin.c.obj (.text.OUTLINED_FUNCTION_1)
                  000062a2    0000000a            : sprintf.c.obj (.text._outc)
                  000062ac    00000008            : s_atan.c.obj (.text.OUTLINED_FUNCTION_2)
                  000062b4    00000008     libclang_rt.builtins.a : aeabi_memcpy.S.obj (.text.__aeabi_memcpy)
                  000062bc    00000008     libc.a : printf.c.obj (.text._outc)
                  000062c4    00000008            : printf.c.obj (.text._outs)
                  000062cc    00000008     inv_mpu.o (.text.mget_ms)
                  000062d4    00000006     libc.a : s_atan.c.obj (.text.OUTLINED_FUNCTION_1)
                  000062da    00000002     --HOLE-- [fill = 0]
                  000062dc    00000010     libclang_rt.builtins.a : adddf3.S.obj (.tramp.__aeabi_dadd.1)
                  000062ec    00000006     libc.a : e_asin.c.obj (.text.OUTLINED_FUNCTION_2)
                  000062f2    00000004     startup_mspm0g350x_ticlang.o (.text.Default_Handler)
                  000062f6    00000004     libc.a : e_asin.c.obj (.text.OUTLINED_FUNCTION_3)
                  000062fa    00000004     startup_mspm0g350x_ticlang.o (.text.Reset_Handler)
                  000062fe    00000004     libc.a : pre_init.c.obj (.text._system_pre_init)
                  00006302    00000004            : exit.c.obj (.text:abort)
                  00006306    0000000a     --HOLE-- [fill = 0]

.cinit     0    00007a50    00000068     
                  00007a50    0000003f     (.cinit..data.load) [load image, compression = lzss]
                  00007a8f    00000001     --HOLE-- [fill = 0]
                  00007a90    0000000c     (__TI_handler_table)
                  00007a9c    00000008     (.cinit..bss.load) [load image, compression = zero_init]
                  00007aa4    00000010     (__TI_cinit_table)
                  00007ab4    00000004     --HOLE-- [fill = 0]

.rodata    0    00006310    00001740     
                  00006310    00000bf6     inv_mpu_dmp_motion_driver.o (.rodata.dmp_memory)
                  00006f06    000005f0     oled.o (.rodata.asc2_1608)
                  000074f6    00000228     oled.o (.rodata.asc2_0806)
                  0000771e    00000002     ti_msp_dl_config.o (.rodata.gI2C_MPU6050ClockConfig)
                  00007720    00000101     libc.a : aeabi_ctype.S.obj (.rodata:__aeabi_ctype_table_)
                  00007821    0000004d     inv_mpu.o (.rodata.str1.71114022831903921901)
                  0000786e    00000002     ti_msp_dl_config.o (.rodata.gUART_0ClockConfig)
                  00007870    00000040     libc.a : s_atan.c.obj (.rodata.cst32)
                  000078b0    00000028     ti_msp_dl_config.o (.rodata.gSYSPLLConfig)
                  000078d8    00000028     inv_mpu.o (.rodata.test)
                  00007900    00000026     inv_mpu.o (.rodata.str1.164044180242022920951)
                  00007926    0000001f     mpu6050.o (.rodata.str1.182912325986697118561)
                  00007945    0000001e     inv_mpu.o (.rodata.str1.77203182498072304761)
                  00007963    0000001c     bsp_mpu6050.o (.rodata.str1.117714990168795398281)
                  0000797f    0000001b     inv_mpu.o (.rodata.reg)
                  0000799a    00000012     bsp_mpu6050.o (.rodata.str1.97268196824245810751)
                  000079ac    00000011     libc.a : _printfi.c.obj (.rodata.str1.11645776875810915891)
                  000079bd    00000011            : _printfi.c.obj (.rodata.str1.44690500295887128011)
                  000079ce    0000000e     mpu6050.o (.rodata.str1.135046260030639668821)
                  000079dc    0000000c     inv_mpu.o (.rodata.hw)
                  000079e8    0000000c     mpu6050.o (.rodata.str1.136878992506990644391)
                  000079f4    0000000c     mpu6050.o (.rodata.str1.14183832766503497271)
                  00007a00    0000000c     mpu6050.o (.rodata.str1.43024990765267610441)
                  00007a0c    0000000b     mpu6050.o (.rodata.str1.103873945583666437041)
                  00007a17    0000000b     mpu6050.o (.rodata.str1.127217006233623959921)
                  00007a22    0000000a     ti_msp_dl_config.o (.rodata.gUART_0Config)
                  00007a2c    0000000a     mpu6050.o (.rodata.str1.87249512287330687181)
                  00007a36    00000009     bsp_mpu6050.o (.rodata.str1.124051136785612178701)
                  00007a3f    00000009     mpu6050.o (.rodata.str1.43669780766159207341)
                  00007a48    00000008     mpu6050.o (.rodata.str1.71419729156460458731)

.init_array 
*          0    00000000    00000000     UNINITIALIZED

.binit     0    00000000    00000000     

.data      0    20200000    00000144     UNINITIALIZED
                  20200000    000000f0     libc.a : defs.c.obj (.data._ftable)
                  202000f0    0000002c     inv_mpu.o (.data.st)
                  2020011c    00000010     inv_mpu_dmp_motion_driver.o (.data.dmp)
                  2020012c    00000009     inv_mpu.o (.data.gyro_orientation)
                  20200135    00000003     --HOLE--
                  20200138    00000004     libc.a : aeabi_portable.c.obj (.data.__aeabi_errno)
                  2020013c    00000004            : _lock.c.obj (.data._lock)
                  20200140    00000004            : _lock.c.obj (.data._unlock)

.bss       0    20200144    00000118     UNINITIALIZED
                  20200144    00000080     (.common:gRxPacket)
                  202001c4    00000080     (.common:gTxPacket)
                  20200244    00000004     (.common:count)
                  20200248    00000004     (.common:gRxCount)
                  2020024c    00000004     (.common:gRxLen)
                  20200250    00000004     (.common:gTxCount)
                  20200254    00000004     (.common:gTxLen)
                  20200258    00000002     (.common:time)
                  2020025a    00000001     (.common:gI2cControllerStatus)
                  2020025b    00000001     (.common:status)

.stack     0    20207e00    00000200     UNINITIALIZED
                  20207e00    00000004     libc.a : boot_cortex_m.c.obj (.stack)
                  20207e04    000001fc     --HOLE--

__llvm_prf_cnts 
*          0    20200000    00000000     UNINITIALIZED

__llvm_prf_bits 
*          0    20200000    00000000     UNINITIALIZED

MODULE SUMMARY

       Module                         code    ro data   rw data
       ------                         ----    -------   -------
    .\
       ti_msp_dl_config.o             1390    54        0      
       mpu6050.o                      364     130       7      
       startup_mspm0g350x_ticlang.o   8       192       0      
    +--+------------------------------+-------+---------+---------+
       Total:                         1762    376       7      
                                                               
    .\MPU6050\
       inv_mpu_dmp_motion_driver.o    3070    3062      16     
       inv_mpu.o                      5736    224       53     
       bsp_mpu6050.o                  1776    55        273    
       board.o                        248     0         0      
    +--+------------------------------+-------+---------+---------+
       Total:                         10830   3341      342    
                                                               
    .\OLED\
       oled.o                         1186    2072      0      
    +--+------------------------------+-------+---------+---------+
       Total:                         1186    2072      0      
                                                               
    C:/ti/mspm0_sdk_2_01_00_03/source/ti/driverlib/lib/ticlang/m0p/mspm0g1x0x_g3x0x/driverlib.a
       dl_sysctl_mspm0g1x0x_g3x0x.o   288     0         0      
       dl_i2c.o                       132     0         0      
       dl_uart.o                      122     0         0      
       dl_common.o                    10      0         0      
    +--+------------------------------+-------+---------+---------+
       Total:                         552     0         0      
                                                               
    C:\ti\ccstheia140\ccs\tools\compiler\ti-cgt-armllvm_3.2.2.LTS\lib\armv6m-ti-none-eabi/c/libc.a
       _printfi.c.obj                 4558    34        0      
       e_asin.c.obj                   910     0         0      
       s_atan.c.obj                   784     64        0      
       e_atan2.c.obj                  408     0         0      
       e_sqrt.c.obj                   388     0         0      
       aeabi_ctype.S.obj              0       257       0      
       defs.c.obj                     0       0         240    
       s_scalbn.c.obj                 216     0         0      
       copy_decompress_lzss.c.obj     120     0         0      
       printf.c.obj                   108     0         0      
       s_frexp.c.obj                  92      0         0      
       sprintf.c.obj                  90      0         0      
       _ltoa.c.obj                    88      0         0      
       atoi.c.obj                     64      0         0      
       autoinit.c.obj                 60      0         0      
       boot_cortex_m.c.obj            40      0         0      
       memccpy.c.obj                  34      0         0      
       memcmp.c.obj                   32      0         0      
       copy_zero_init.c.obj           22      0         0      
       copy_decompress_none.c.obj     18      0         0      
       memcpy16.S.obj                 18      0         0      
       wcslen.c.obj                   16      0         0      
       memset16.S.obj                 14      0         0      
       strlen.c.obj                   14      0         0      
       aeabi_portable.c.obj           8       0         4      
       _lock.c.obj                    2       0         8      
       exit.c.obj                     4       0         0      
       pre_init.c.obj                 4       0         0      
    +--+------------------------------+-------+---------+---------+
       Total:                         8112    355       252    
                                                               
    C:\ti\ccstheia140\ccs\tools\compiler\ti-cgt-armllvm_3.2.2.LTS\lib\clang/15.0.7/lib/armv6m-ti-none-eabi/libclang_rt.builtins.a
       adddf3.S.obj                   434     0         0      
       divdf3.S.obj                   268     0         0      
       muldf3.S.obj                   244     0         0      
       comparedf2.c.obj               220     0         0      
       addsf3.S.obj                   216     0         0      
       udivmoddi4.S.obj               162     0         0      
       mulsf3.S.obj                   140     0         0      
       divsf3.S.obj                   130     0         0      
       truncdfsf2.S.obj               116     0         0      
       aeabi_dcmp.S.obj               98      0         0      
       aeabi_idivmod.S.obj            86      0         0      
       fixdfsi.S.obj                  74      0         0      
       aeabi_uidivmod.S.obj           64      0         0      
       extendsfdf2.S.obj              64      0         0      
       floatsisf.S.obj                60      0         0      
       muldsi3.S.obj                  58      0         0      
       fixsfsi.S.obj                  56      0         0      
       floatsidf.S.obj                44      0         0      
       floatunsisf.S.obj              40      0         0      
       muldi3.S.obj                   36      0         0      
       ashldi3.S.obj                  30      0         0      
       aeabi_uldivmod.S.obj           20      0         0      
       aeabi_memset.S.obj             14      0         0      
       aeabi_memcpy.S.obj             8       0         0      
       aeabi_div0.c.obj               4       0         0      
    +--+------------------------------+-------+---------+---------+
       Total:                         2686    0         0      
                                                               
       Stack:                         0       0         512    
       Linker Generated:              0       99        0      
    +--+------------------------------+-------+---------+---------+
       Grand Total:                   25128   6243      1113   


LINKER GENERATED COPY TABLES

__TI_cinit_table @ 00007aa4 records: 2, size/record: 8, table size: 16
	.data: load addr=00007a50, load size=0000003f bytes, run addr=20200000, run size=00000144 bytes, compression=lzss
	.bss: load addr=00007a9c, load size=00000008 bytes, run addr=20200144, run size=00000118 bytes, compression=zero_init


LINKER GENERATED HANDLER TABLE

__TI_handler_table @ 00007a90 records: 3, size/record: 4, table size: 12
	index: 0, handler: __TI_decompress_lzss
	index: 1, handler: __TI_decompress_none
	index: 2, handler: __TI_zero_init


FAR CALL TRAMPOLINES

callee name               trampoline name
   callee addr  tramp addr   call addr  call info
--------------  -----------  ---------  ----------------
__aeabi_dsub              $Tramp$TT$L$PI$$__aeabi_dsub
   00002555     00006258     00006256   libc.a : _printfi.c.obj (.text.OUTLINED_FUNCTION_0)
__aeabi_dmul              $Tramp$TT$L$PI$$__aeabi_dmul
   00003aad     00006274     00006270   libc.a : e_asin.c.obj (.text.OUTLINED_FUNCTION_0)
                             0000628c          : s_atan.c.obj (.text.OUTLINED_FUNCTION_0)
                             000062a0          : e_asin.c.obj (.text.OUTLINED_FUNCTION_1)
                             000062b2          : s_atan.c.obj (.text.OUTLINED_FUNCTION_2)
                             000062f0          : e_asin.c.obj (.text.OUTLINED_FUNCTION_2)
__aeabi_dadd              $Tramp$TT$L$PI$$__aeabi_dadd
   0000255f     000062dc     000062d8   libc.a : s_atan.c.obj (.text.OUTLINED_FUNCTION_1)
                             000062f8          : e_asin.c.obj (.text.OUTLINED_FUNCTION_3)

[3 trampolines]
[8 trampoline calls]


GLOBAL SYMBOLS: SORTED ALPHABETICALLY BY Name 

address   name                                 
-------   ----                                 
000062f3  ADC0_IRQHandler                      
000062f3  ADC1_IRQHandler                      
000062f3  AES_IRQHandler                       
00006302  C$$EXIT                              
000062f3  CANFD0_IRQHandler                    
000062f3  DAC0_IRQHandler                      
00006245  DL_Common_delayCycles                
00005015  DL_I2C_fillControllerTXFIFO          
00005ca3  DL_I2C_setClockConfig                
00003c75  DL_SYSCTL_configSYSPLL               
00005599  DL_SYSCTL_switchMCLKfromSYSOSCtoHSCLK
000054c1  DL_UART_init                         
000061b7  DL_UART_setClockConfig               
00005d51  DL_UART_transmitDataBlocking         
000062f3  DMA_IRQHandler                       
000062f3  Default_Handler                      
000062f3  GROUP0_IRQHandler                    
000062f3  GROUP1_IRQHandler                    
000062f3  HardFault_Handler                    
000062f3  I2C0_IRQHandler                      
00002ef1  I2C1_IRQHandler                      
0000590d  I2C_Start                            
00005a19  I2C_Stop                             
00005a49  I2C_WaitAck                          
00005075  MPU6050ReadID                        
000040a5  MPU6050_Init                         
00002c8d  MPU6050_ReadData                     
0000301d  MPU6050_WriteReg                     
00005dcf  MPU_Set_Accel_Fsr                    
00005ded  MPU_Set_Gyro_Fsr                     
00004773  MPU_Set_LPF                          
00004bf9  MPU_Set_Rate                         
000062f3  NMI_Handler                          
00004db5  OLED_Clear                           
000038c5  OLED_Init                            
000057e1  OLED_Set_Pos                         
000037c1  OLED_ShowChar                        
00004c69  OLED_ShowString                      
000053d9  OLED_WR_Byte                         
000062f3  PendSV_Handler                       
000062f3  RTC_IRQHandler                       
000062fb  Reset_Handler                        
000062f3  SPI0_IRQHandler                      
000062f3  SPI1_IRQHandler                      
000062f3  SVC_Handler                          
00004a95  SYSCFG_DL_GPIO_init                  
00004eed  SYSCFG_DL_I2C_MPU6050_init           
0000581d  SYSCFG_DL_SYSCTL_init                
00005665  SYSCFG_DL_UART_0_init                
00006095  SYSCFG_DL_init                       
00005189  SYSCFG_DL_initPower                  
000049a1  Send_Byte                            
000062f3  SysTick_Handler                      
000062f3  TIMA0_IRQHandler                     
000062f3  TIMA1_IRQHandler                     
000062f3  TIMG0_IRQHandler                     
000062f3  TIMG12_IRQHandler                    
000062f3  TIMG6_IRQHandler                     
000062f3  TIMG7_IRQHandler                     
000062f3  TIMG8_IRQHandler                     
000061c9  TI_memcpy_small                      
00006237  TI_memset_small                      
000062f3  UART0_IRQHandler                     
000062f3  UART1_IRQHandler                     
000062f3  UART2_IRQHandler                     
000062f3  UART3_IRQHandler                     
20208000  __STACK_END                          
00000200  __STACK_SIZE                         
00000000  __TI_ATRegion0_region_sz             
00000000  __TI_ATRegion0_src_addr              
00000000  __TI_ATRegion0_trg_addr              
00000000  __TI_ATRegion1_region_sz             
00000000  __TI_ATRegion1_src_addr              
00000000  __TI_ATRegion1_trg_addr              
00000000  __TI_ATRegion2_region_sz             
00000000  __TI_ATRegion2_src_addr              
00000000  __TI_ATRegion2_trg_addr              
00007aa4  __TI_CINIT_Base                      
00007ab4  __TI_CINIT_Limit                     
00007ab4  __TI_CINIT_Warm                      
00007a90  __TI_Handler_Table_Base              
00007a9c  __TI_Handler_Table_Limit             
00005895  __TI_auto_init_nobinit_nopinit       
00004a1d  __TI_decompress_lzss                 
000061db  __TI_decompress_none                 
000051e1  __TI_ltoa                            
ffffffff  __TI_pprof_out_hndl                  
000000c1  __TI_printfi                         
ffffffff  __TI_prof_data_size                  
ffffffff  __TI_prof_data_start                 
00000000  __TI_static_base__                   
000060db  __TI_zero_init_nomemset              
0000255f  __adddf3                             
00003e33  __addsf3                             
00007720  __aeabi_ctype_table_                 
00007720  __aeabi_ctype_table_C                
00004b11  __aeabi_d2f                          
00005475  __aeabi_d2iz                         
0000255f  __aeabi_dadd                         
00004f51  __aeabi_dcmpeq                       
00004f8d  __aeabi_dcmpge                       
00004fa1  __aeabi_dcmpgt                       
00004f79  __aeabi_dcmple                       
00004f65  __aeabi_dcmplt                       
000035ad  __aeabi_ddiv                         
00003aad  __aeabi_dmul                         
00002555  __aeabi_dsub                         
20200138  __aeabi_errno                        
00004b09  __aeabi_errno_addr                   
000056e5  __aeabi_f2d                          
00005945  __aeabi_f2iz                         
00003e33  __aeabi_fadd                         
0000491d  __aeabi_fdiv                         
00004805  __aeabi_fmul                         
00003e29  __aeabi_fsub                         
00005b61  __aeabi_i2d                          
00005859  __aeabi_i2f                          
00005291  __aeabi_idiv                         
000026e7  __aeabi_idiv0                        
00005291  __aeabi_idivmod                      
000039bf  __aeabi_ldiv0                        
00005e0d  __aeabi_llsl                         
00005cc9  __aeabi_lmul                         
000062b5  __aeabi_memcpy                       
000062b5  __aeabi_memcpy4                      
000062b5  __aeabi_memcpy8                      
0000620d  __aeabi_memset                       
0000620d  __aeabi_memset4                      
0000620d  __aeabi_memset8                      
00005c2d  __aeabi_ui2f                         
000056a5  __aeabi_uidiv                        
000056a5  __aeabi_uidivmod                     
00006169  __aeabi_uldivmod                     
00005e0d  __ashldi3                            
ffffffff  __binit__                            
00004d49  __cmpdf2                             
000035ad  __divdf3                             
0000491d  __divsf3                             
00004d49  __eqdf2                              
000056e5  __extendsfdf2                        
00005475  __fixdfsi                            
00005945  __fixsfsi                            
00005b61  __floatsidf                          
00005859  __floatsisf                          
00005c2d  __floatunsisf                        
00004cd9  __gedf2                              
00004cd9  __gtdf2                              
00004d49  __ledf2                              
00004d49  __ltdf2                              
UNDEFED   __mpu_init                           
00003aad  __muldf3                             
00005cc9  __muldi3                             
000058d1  __muldsi3                            
00004805  __mulsf3                             
00004d49  __nedf2                              
20207e00  __stack                              
20200000  __start___llvm_prf_bits              
20200000  __start___llvm_prf_cnts              
20200000  __stop___llvm_prf_bits               
20200000  __stop___llvm_prf_cnts               
00002555  __subdf3                             
00003e29  __subsf3                             
00004b11  __truncdfsf2                         
00004505  __udivmoddi4                         
00005c55  _c_int00_noargs                      
20200000  _ftable                              
2020013c  _lock                                
00004173  _nop                                 
UNDEFED   _system_post_cinit                   
000062ff  _system_pre_init                     
20200140  _unlock                              
00006303  abort                                
000074f6  asc2_0806                            
00006f06  asc2_1608                            
00000ac1  asin                                 
00000ac1  asinl                                
00000e31  atan                                 
000023bd  atan2                                
000023bd  atan2l                               
00000e31  atanl                                
00005725  atoi                                 
ffffffff  binit                                
00005d71  board_init                           
20200244  count                                
0000617d  delay_ms                             
00005509  dmp_enable_6x_lp_quat                
00001129  dmp_enable_feature                   
00004fb5  dmp_enable_gyro_cal                  
00005551  dmp_enable_lp_quat                   
00005f0d  dmp_load_motion_driver_firmware      
00001e4d  dmp_read_fifo                        
00004645  dmp_set_fifo_rate                    
0000286d  dmp_set_orientation                  
000055dd  dmp_set_shake_reject_thresh          
000059b5  dmp_set_shake_reject_time            
000059e7  dmp_set_shake_reject_timeout         
00004e85  dmp_set_tap_axes                     
00005621  dmp_set_tap_count                    
000013a1  dmp_set_tap_thresh                   
00005aa9  dmp_set_tap_time                     
00005ad9  dmp_set_tap_time_multi               
00005f29  fputc                                
00005389  fputs                                
000050d1  frexp                                
000050d1  frexpl                               
2020025a  gI2cControllerStatus                 
20200248  gRxCount                             
2020024c  gRxLen                               
20200144  gRxPacket                            
20200250  gTxCount                             
20200254  gTxLen                               
202001c4  gTxPacket                            
000079dc  hw                                   
00000000  interruptVectors                     
00005765  inv_orientation_matrix_to_scalar     
000046dd  inv_row_2_scale                      
00003d51  ldexp                                
00003d51  ldexpl                               
000029e5  main                                 
00005ced  memccpy                              
00005d91  memcmp                               
000062cd  mget_ms                              
00004239  mpu_configure_fifo                   
00001a25  mpu_dmp_get_data                     
00003385  mpu_dmp_init                         
00004b85  mpu_get_accel_fsr                    
00001c39  mpu_init                             
00003141  mpu_load_firmware                    
0000349d  mpu_lp_accel_mode                    
000036b9  mpu_read_fifo_stream                 
000043ad  mpu_read_mem                         
000015d9  mpu_reset_fifo                       
00003b91  mpu_set_accel_fsr                    
0000221d  mpu_set_bypass                       
000042f5  mpu_set_dmp_state                    
00004175  mpu_set_gyro_fsr                     
000045a9  mpu_set_int_latched                  
00003fd5  mpu_set_lpf                          
000039c1  mpu_set_sample_rate                  
00002dc1  mpu_set_sensors                      
00004459  mpu_write_mem                        
0000512d  printf                               
0000797f  reg                                  
00003d51  scalbn                               
00003d51  scalbnl                              
0000597d  sprintf                              
000026e9  sqrt                                 
000026e9  sqrtl                                
2020025b  status                               
00006229  strlen                               
000078d8  test                                 
20200258  time                                 
000061fd  wcslen                               


GLOBAL SYMBOLS: SORTED BY Symbol Address 

address   name                                 
-------   ----                                 
00000000  __TI_ATRegion0_region_sz             
00000000  __TI_ATRegion0_src_addr              
00000000  __TI_ATRegion0_trg_addr              
00000000  __TI_ATRegion1_region_sz             
00000000  __TI_ATRegion1_src_addr              
00000000  __TI_ATRegion1_trg_addr              
00000000  __TI_ATRegion2_region_sz             
00000000  __TI_ATRegion2_src_addr              
00000000  __TI_ATRegion2_trg_addr              
00000000  __TI_static_base__                   
00000000  interruptVectors                     
000000c1  __TI_printfi                         
00000200  __STACK_SIZE                         
00000ac1  asin                                 
00000ac1  asinl                                
00000e31  atan                                 
00000e31  atanl                                
00001129  dmp_enable_feature                   
000013a1  dmp_set_tap_thresh                   
000015d9  mpu_reset_fifo                       
00001a25  mpu_dmp_get_data                     
00001c39  mpu_init                             
00001e4d  dmp_read_fifo                        
0000221d  mpu_set_bypass                       
000023bd  atan2                                
000023bd  atan2l                               
00002555  __aeabi_dsub                         
00002555  __subdf3                             
0000255f  __adddf3                             
0000255f  __aeabi_dadd                         
000026e7  __aeabi_idiv0                        
000026e9  sqrt                                 
000026e9  sqrtl                                
0000286d  dmp_set_orientation                  
000029e5  main                                 
00002c8d  MPU6050_ReadData                     
00002dc1  mpu_set_sensors                      
00002ef1  I2C1_IRQHandler                      
0000301d  MPU6050_WriteReg                     
00003141  mpu_load_firmware                    
00003385  mpu_dmp_init                         
0000349d  mpu_lp_accel_mode                    
000035ad  __aeabi_ddiv                         
000035ad  __divdf3                             
000036b9  mpu_read_fifo_stream                 
000037c1  OLED_ShowChar                        
000038c5  OLED_Init                            
000039bf  __aeabi_ldiv0                        
000039c1  mpu_set_sample_rate                  
00003aad  __aeabi_dmul                         
00003aad  __muldf3                             
00003b91  mpu_set_accel_fsr                    
00003c75  DL_SYSCTL_configSYSPLL               
00003d51  ldexp                                
00003d51  ldexpl                               
00003d51  scalbn                               
00003d51  scalbnl                              
00003e29  __aeabi_fsub                         
00003e29  __subsf3                             
00003e33  __addsf3                             
00003e33  __aeabi_fadd                         
00003fd5  mpu_set_lpf                          
000040a5  MPU6050_Init                         
00004173  _nop                                 
00004175  mpu_set_gyro_fsr                     
00004239  mpu_configure_fifo                   
000042f5  mpu_set_dmp_state                    
000043ad  mpu_read_mem                         
00004459  mpu_write_mem                        
00004505  __udivmoddi4                         
000045a9  mpu_set_int_latched                  
00004645  dmp_set_fifo_rate                    
000046dd  inv_row_2_scale                      
00004773  MPU_Set_LPF                          
00004805  __aeabi_fmul                         
00004805  __mulsf3                             
0000491d  __aeabi_fdiv                         
0000491d  __divsf3                             
000049a1  Send_Byte                            
00004a1d  __TI_decompress_lzss                 
00004a95  SYSCFG_DL_GPIO_init                  
00004b09  __aeabi_errno_addr                   
00004b11  __aeabi_d2f                          
00004b11  __truncdfsf2                         
00004b85  mpu_get_accel_fsr                    
00004bf9  MPU_Set_Rate                         
00004c69  OLED_ShowString                      
00004cd9  __gedf2                              
00004cd9  __gtdf2                              
00004d49  __cmpdf2                             
00004d49  __eqdf2                              
00004d49  __ledf2                              
00004d49  __ltdf2                              
00004d49  __nedf2                              
00004db5  OLED_Clear                           
00004e85  dmp_set_tap_axes                     
00004eed  SYSCFG_DL_I2C_MPU6050_init           
00004f51  __aeabi_dcmpeq                       
00004f65  __aeabi_dcmplt                       
00004f79  __aeabi_dcmple                       
00004f8d  __aeabi_dcmpge                       
00004fa1  __aeabi_dcmpgt                       
00004fb5  dmp_enable_gyro_cal                  
00005015  DL_I2C_fillControllerTXFIFO          
00005075  MPU6050ReadID                        
000050d1  frexp                                
000050d1  frexpl                               
0000512d  printf                               
00005189  SYSCFG_DL_initPower                  
000051e1  __TI_ltoa                            
00005291  __aeabi_idiv                         
00005291  __aeabi_idivmod                      
00005389  fputs                                
000053d9  OLED_WR_Byte                         
00005475  __aeabi_d2iz                         
00005475  __fixdfsi                            
000054c1  DL_UART_init                         
00005509  dmp_enable_6x_lp_quat                
00005551  dmp_enable_lp_quat                   
00005599  DL_SYSCTL_switchMCLKfromSYSOSCtoHSCLK
000055dd  dmp_set_shake_reject_thresh          
00005621  dmp_set_tap_count                    
00005665  SYSCFG_DL_UART_0_init                
000056a5  __aeabi_uidiv                        
000056a5  __aeabi_uidivmod                     
000056e5  __aeabi_f2d                          
000056e5  __extendsfdf2                        
00005725  atoi                                 
00005765  inv_orientation_matrix_to_scalar     
000057e1  OLED_Set_Pos                         
0000581d  SYSCFG_DL_SYSCTL_init                
00005859  __aeabi_i2f                          
00005859  __floatsisf                          
00005895  __TI_auto_init_nobinit_nopinit       
000058d1  __muldsi3                            
0000590d  I2C_Start                            
00005945  __aeabi_f2iz                         
00005945  __fixsfsi                            
0000597d  sprintf                              
000059b5  dmp_set_shake_reject_time            
000059e7  dmp_set_shake_reject_timeout         
00005a19  I2C_Stop                             
00005a49  I2C_WaitAck                          
00005aa9  dmp_set_tap_time                     
00005ad9  dmp_set_tap_time_multi               
00005b61  __aeabi_i2d                          
00005b61  __floatsidf                          
00005c2d  __aeabi_ui2f                         
00005c2d  __floatunsisf                        
00005c55  _c_int00_noargs                      
00005ca3  DL_I2C_setClockConfig                
00005cc9  __aeabi_lmul                         
00005cc9  __muldi3                             
00005ced  memccpy                              
00005d51  DL_UART_transmitDataBlocking         
00005d71  board_init                           
00005d91  memcmp                               
00005dcf  MPU_Set_Accel_Fsr                    
00005ded  MPU_Set_Gyro_Fsr                     
00005e0d  __aeabi_llsl                         
00005e0d  __ashldi3                            
00005f0d  dmp_load_motion_driver_firmware      
00005f29  fputc                                
00006095  SYSCFG_DL_init                       
000060db  __TI_zero_init_nomemset              
00006169  __aeabi_uldivmod                     
0000617d  delay_ms                             
000061b7  DL_UART_setClockConfig               
000061c9  TI_memcpy_small                      
000061db  __TI_decompress_none                 
000061fd  wcslen                               
0000620d  __aeabi_memset                       
0000620d  __aeabi_memset4                      
0000620d  __aeabi_memset8                      
00006229  strlen                               
00006237  TI_memset_small                      
00006245  DL_Common_delayCycles                
000062b5  __aeabi_memcpy                       
000062b5  __aeabi_memcpy4                      
000062b5  __aeabi_memcpy8                      
000062cd  mget_ms                              
000062f3  ADC0_IRQHandler                      
000062f3  ADC1_IRQHandler                      
000062f3  AES_IRQHandler                       
000062f3  CANFD0_IRQHandler                    
000062f3  DAC0_IRQHandler                      
000062f3  DMA_IRQHandler                       
000062f3  Default_Handler                      
000062f3  GROUP0_IRQHandler                    
000062f3  GROUP1_IRQHandler                    
000062f3  HardFault_Handler                    
000062f3  I2C0_IRQHandler                      
000062f3  NMI_Handler                          
000062f3  PendSV_Handler                       
000062f3  RTC_IRQHandler                       
000062f3  SPI0_IRQHandler                      
000062f3  SPI1_IRQHandler                      
000062f3  SVC_Handler                          
000062f3  SysTick_Handler                      
000062f3  TIMA0_IRQHandler                     
000062f3  TIMA1_IRQHandler                     
000062f3  TIMG0_IRQHandler                     
000062f3  TIMG12_IRQHandler                    
000062f3  TIMG6_IRQHandler                     
000062f3  TIMG7_IRQHandler                     
000062f3  TIMG8_IRQHandler                     
000062f3  UART0_IRQHandler                     
000062f3  UART1_IRQHandler                     
000062f3  UART2_IRQHandler                     
000062f3  UART3_IRQHandler                     
000062fb  Reset_Handler                        
000062ff  _system_pre_init                     
00006302  C$$EXIT                              
00006303  abort                                
00006f06  asc2_1608                            
000074f6  asc2_0806                            
00007720  __aeabi_ctype_table_                 
00007720  __aeabi_ctype_table_C                
000078d8  test                                 
0000797f  reg                                  
000079dc  hw                                   
00007a90  __TI_Handler_Table_Base              
00007a9c  __TI_Handler_Table_Limit             
00007aa4  __TI_CINIT_Base                      
00007ab4  __TI_CINIT_Limit                     
00007ab4  __TI_CINIT_Warm                      
20200000  __start___llvm_prf_bits              
20200000  __start___llvm_prf_cnts              
20200000  __stop___llvm_prf_bits               
20200000  __stop___llvm_prf_cnts               
20200000  _ftable                              
20200138  __aeabi_errno                        
2020013c  _lock                                
20200140  _unlock                              
20200144  gRxPacket                            
202001c4  gTxPacket                            
20200244  count                                
20200248  gRxCount                             
2020024c  gRxLen                               
20200250  gTxCount                             
20200254  gTxLen                               
20200258  time                                 
2020025a  gI2cControllerStatus                 
2020025b  status                               
20207e00  __stack                              
20208000  __STACK_END                          
ffffffff  __TI_pprof_out_hndl                  
ffffffff  __TI_prof_data_size                  
ffffffff  __TI_prof_data_start                 
ffffffff  __binit__                            
ffffffff  binit                                
UNDEFED   __mpu_init                           
UNDEFED   _system_post_cinit                   

[253 symbols]
