******************************************************************************
            TI ARM Clang Linker PC v3.2.2                      
******************************************************************************
>> Linked Mon Jul 29 11:26:32 2024

OUTPUT FILE NAME:   <empty_LP_MSPM0G3507_nortos_ticlang.out>
ENTRY POINT SYMBOL: "_c_int00_noargs"  address: 00003ea5


MEMORY CONFIGURATION

         name            origin    length      used     unused   attr    fill
----------------------  --------  ---------  --------  --------  ----  --------
  FLASH                 00000000   00020000  00004ff8  0001b008  R  X
  SRAM                  20200000   00008000  00000458  00007ba8  RW X
  BCR_CONFIG            41c00000   00000080  00000000  00000080  R   
  BSL_CONFIG            41c00100   00000080  00000000  00000080  R   


SEGMENT ALLOCATION MAP

run origin  load origin   length   init length attrs members
----------  ----------- ---------- ----------- ----- -------
00000000    00000000    00004ff8   00004ff8    r-x
  00000000    00000000    000000c0   000000c0    r-- .intvecs
  000000c0    000000c0    00004030   00004030    r-x .text
  000040f0    000040f0    00000ea0   00000ea0    r-- .rodata
  00004f90    00004f90    00000068   00000068    r-- .cinit
20200000    20200000    0000025a   00000000    rw-
  20200000    20200000    00000146   00000000    rw- .data
  20200148    20200148    00000112   00000000    rw- .bss
20207e00    20207e00    00000200   00000000    rw-
  20207e00    20207e00    00000200   00000000    rw- .stack


SECTION ALLOCATION MAP

 output                                  attributes/
section   page    origin      length       input sections
--------  ----  ----------  ----------   ----------------
.intvecs   0    00000000    000000c0     
                  00000000    000000c0     startup_mspm0g350x_ticlang.o (.intvecs)

.text      0    000000c0    00004030     
                  000000c0    00000888     libc.a : _printfi.c.obj (.text:__TI_printfi_nofloat)
                  00000948    00000370            : e_asin.c.obj (.text.asin)
                  00000cb8    000002f8            : s_atan.c.obj (.text.atan)
                  00000fb0    0000029c     inv_mpu_dmp_motion_driver.o (.text.dmp_enable_feature)
                  0000124c    00000204     inv_mpu.o (.text.mpu_lp_accel_mode)
                  00001450    000001c8     inv_mpu.o (.text.mpu_dmp_get_data)
                  00001618    000001b8     inv_mpu_dmp_motion_driver.o (.text.dmp_read_fifo)
                  000017d0    000001b4     bsp_mpu6050.o (.text.MPU6050_ReadData)
                  00001984    00000198     libc.a : e_atan2.c.obj (.text.atan2)
                  00001b1c    00000192     libclang_rt.builtins.a : adddf3.S.obj (.text.adddf3_subdf3)
                  00001cae    00000002     startup_mspm0g350x_ticlang.o (.text.Default_Handler)
                  00001cb0    00000184     bsp_mpu6050.o (.text.MPU6050_WriteReg)
                  00001e34    00000184     libc.a : e_sqrt.c.obj (.text.sqrt)
                  00001fb8    00000164     inv_mpu.o (.text.mpu_load_firmware)
                  0000211c    00000158     inv_mpu.o (.text.mpu_init)
                  00002274    0000014c     inv_mpu_dmp_motion_driver.o (.text.dmp_set_tap_thresh)
                  000023c0    00000144     inv_mpu.o (.text.mpu_reset_fifo)
                  00002504    0000010c     libclang_rt.builtins.a : divdf3.S.obj (.text.__divdf3)
                  00002610    000000fc     bsp_mpu6050.o (.text.MPU6050_Init)
                  0000270c    000000f4     bsp_mpu6050.o (.text.I2C1_IRQHandler)
                  00002800    000000ec     inv_mpu_dmp_motion_driver.o (.text.dmp_set_orientation)
                  000028ec    000000e4     libclang_rt.builtins.a : muldf3.S.obj (.text.__muldf3)
                  000029d0    000000e4     inv_mpu.o (.text.mpu_set_sample_rate)
                  00002ab4    000000e0     inv_mpu.o (.text.mpu_set_bypass)
                  00002b94    000000d8     inv_mpu.o (.text.mpu_set_sensors)
                  00002c6c    000000d8     libclang_rt.builtins.a : addsf3.S.obj (.text)
                  00002d44    000000d0     inv_mpu.o (.text.mpu_set_dmp_state)
                  00002e14    000000cc     inv_mpu.o (.text.mpu_dmp_init)
                  00002ee0    000000cc     board.o (.text.puts)
                  00002fac    000000c4     board.o (.text.fputs)
                  00003070    000000bc     inv_mpu.o (.text.inv_orientation_matrix_to_scalar)
                  0000312c    000000a4     inv_mpu.o (.text.mpu_read_fifo_stream)
                  000031d0    000000a2     libclang_rt.builtins.a : udivmoddi4.S.obj (.text)
                  00003272    0000009a     libc.a : memcpy16.S.obj (.text:memcpy)
                  0000330c    00000094     inv_mpu.o (.text.mpu_configure_fifo)
                  000033a0    00000094     inv_mpu.o (.text.mpu_set_accel_fsr)
                  00003434    0000008c     libclang_rt.builtins.a : mulsf3.S.obj (.text.__mulsf3)
                  000034c0    0000008c     board.o (.text.delay_ms)
                  0000354c    00000088     empty.o (.text.main)
                  000035d4    00000082     libclang_rt.builtins.a : divsf3.S.obj (.text.__divsf3)
                  00003656    00000002                            : aeabi_div0.c.obj (.text.__aeabi_idiv0)
                  00003658    00000078     libc.a : copy_decompress_lzss.c.obj (.text:decompress:lzss)
                  000036d0    00000074     libclang_rt.builtins.a : truncdfsf2.S.obj (.text.__truncdfsf2)
                  00003744    00000074     inv_mpu.o (.text.mpu_set_lpf)
                  000037b8    00000070     libclang_rt.builtins.a : comparedf2.c.obj (.text.__gedf2)
                  00003828    0000006c                            : comparedf2.c.obj (.text.__ledf2)
                  00003894    00000068     ti_msp_dl_config.o (.text.SYSCFG_DL_I2C_MPU6050_init)
                  000038fc    00000068     inv_mpu_dmp_motion_driver.o (.text.dmp_set_fifo_rate)
                  00003964    00000064     inv_mpu.o (.text.mpu_write_mem)
                  000039c8    00000062     libclang_rt.builtins.a : aeabi_dcmp.S.obj (.text.__aeabi_dcmp)
                  00003a2a    00000062     libc.a : memset16.S.obj (.text:memset)
                  00003a8c    00000060     ti_msp_dl_config.o (.text.SYSCFG_DL_UART_0_init)
                  00003aec    0000005e     driverlib.a : dl_i2c.o (.text.DL_I2C_fillControllerTXFIFO)
                  00003b4a    00000002     libclang_rt.builtins.a : aeabi_div0.c.obj (.text.__aeabi_ldiv0)
                  00003b4c    0000005c     libc.a : printf.c.obj (.text.printf)
                  00003ba8    00000048     driverlib.a : dl_uart.o (.text.DL_UART_init)
                  00003bf0    00000040     ti_msp_dl_config.o (.text.SYSCFG_DL_SYSCTL_init)
                  00003c30    00000040     ti_msp_dl_config.o (.text.SYSCFG_DL_initPower)
                  00003c70    00000040     libclang_rt.builtins.a : aeabi_uidivmod.S.obj (.text.__aeabi_uidivmod)
                  00003cb0    00000040                            : extendsfdf2.S.obj (.text.__extendsfdf2)
                  00003cf0    00000040     libc.a : atoi.c.obj (.text.atoi)
                  00003d30    0000003c     libclang_rt.builtins.a : floatsisf.S.obj (.text.__floatsisf)
                  00003d6c    0000003c     libc.a : autoinit.c.obj (.text:__TI_auto_init_nobinit_nopinit)
                  00003da8    0000003a     libclang_rt.builtins.a : muldsi3.S.obj (.text.__muldsi3)
                  00003de2    00000002     libc.a : _lock.c.obj (.text._nop)
                  00003de4    00000038     libclang_rt.builtins.a : fixsfsi.S.obj (.text.__fixsfsi)
                  00003e1c    00000034     inv_mpu.o (.text.mpu_get_accel_fsr)
                  00003e50    0000002c     ti_msp_dl_config.o (.text.SYSCFG_DL_GPIO_init)
                  00003e7c    00000028     libclang_rt.builtins.a : floatunsisf.S.obj (.text.__floatunsisf)
                  00003ea4    00000028     libc.a : boot_cortex_m.c.obj (.text:_c_int00_noargs)
                  00003ecc    00000026     driverlib.a : dl_i2c.o (.text.DL_I2C_setClockConfig)
                  00003ef2    00000002     inv_mpu.o (.text.mget_ms)
                  00003ef4    00000024     libclang_rt.builtins.a : muldi3.S.obj (.text.__muldi3)
                  00003f18    00000022     libc.a : memccpy.c.obj (.text.memccpy)
                  00003f3a    00000002     --HOLE-- [fill = 0]
                  00003f3c    00000020     driverlib.a : dl_uart.o (.text.DL_UART_transmitDataBlocking)
                  00003f5c    00000020     board.o (.text.board_init)
                  00003f7c    0000001e     libclang_rt.builtins.a : ashldi3.S.obj (.text.__ashldi3)
                  00003f9a    00000002     --HOLE-- [fill = 0]
                  00003f9c    0000001c     inv_mpu_dmp_motion_driver.o (.text.dmp_load_motion_driver_firmware)
                  00003fb8    00000018     ti_msp_dl_config.o (.text.SYSCFG_DL_init)
                  00003fd0    00000016     libc.a : copy_zero_init.c.obj (.text:decompress:ZI:__TI_zero_init_nomemset)
                  00003fe6    00000002     --HOLE-- [fill = 0]
                  00003fe8    00000014     libclang_rt.builtins.a : aeabi_uldivmod.S.obj (.text.__aeabi_uldivmod)
                  00003ffc    00000014     board.o (.text.fputc)
                  00004010    00000012     driverlib.a : dl_uart.o (.text.DL_UART_setClockConfig)
                  00004022    00000012     libc.a : copy_decompress_none.c.obj (.text:decompress:none)
                  00004034    00000010            : wcslen.c.obj (.text.wcslen)
                  00004044    0000000e     libclang_rt.builtins.a : aeabi_memset.S.obj (.text.__aeabi_memset)
                  00004052    0000000e     libc.a : _printfi.c.obj (.text.strlen)
                  00004060    0000000a     driverlib.a : dl_common.o (.text.DL_Common_delayCycles)
                  0000406a    0000000a     libc.a : e_asin.c.obj (.text.OUTLINED_FUNCTION_0)
                  00004074    00000010     libclang_rt.builtins.a : muldf3.S.obj (.tramp.__aeabi_dmul.1)
                  00004084    0000000a     libc.a : s_atan.c.obj (.text.OUTLINED_FUNCTION_0)
                  0000408e    0000000a            : e_asin.c.obj (.text.OUTLINED_FUNCTION_1)
                  00004098    00000008            : s_atan.c.obj (.text.OUTLINED_FUNCTION_2)
                  000040a0    00000008            : aeabi_portable.c.obj (.text.__aeabi_errno_addr)
                  000040a8    00000008     libclang_rt.builtins.a : aeabi_memcpy.S.obj (.text.__aeabi_memcpy)
                  000040b0    00000008     libc.a : printf.c.obj (.text._outc)
                  000040b8    00000008            : printf.c.obj (.text._outs)
                  000040c0    00000006            : s_atan.c.obj (.text.OUTLINED_FUNCTION_1)
                  000040c6    00000002     --HOLE-- [fill = 0]
                  000040c8    00000010     libclang_rt.builtins.a : adddf3.S.obj (.tramp.__aeabi_dadd.1)
                  000040d8    00000006     libc.a : e_asin.c.obj (.text.OUTLINED_FUNCTION_2)
                  000040de    00000004            : e_asin.c.obj (.text.OUTLINED_FUNCTION_3)
                  000040e2    00000004     startup_mspm0g350x_ticlang.o (.text.Reset_Handler)
                  000040e6    00000004     libc.a : pre_init.c.obj (.text._system_pre_init)
                  000040ea    00000004            : exit.c.obj (.text:abort)
                  000040ee    00000002     --HOLE-- [fill = 0]

.cinit     0    00004f90    00000068     
                  00004f90    0000003f     (.cinit..data.load) [load image, compression = lzss]
                  00004fcf    00000001     --HOLE-- [fill = 0]
                  00004fd0    0000000c     (__TI_handler_table)
                  00004fdc    00000008     (.cinit..bss.load) [load image, compression = zero_init]
                  00004fe4    00000010     (__TI_cinit_table)
                  00004ff4    00000004     --HOLE-- [fill = 0]

.rodata    0    000040f0    00000ea0     
                  000040f0    00000bf6     inv_mpu_dmp_motion_driver.o (.rodata.dmp_memory)
                  00004ce6    0000000a     ti_msp_dl_config.o (.rodata.gUART_0Config)
                  00004cf0    00000101     libc.a : aeabi_ctype.S.obj (.rodata:__aeabi_ctype_table_)
                  00004df1    0000004c     inv_mpu.o (.rodata.str1.71904852468852698381)
                  00004e3d    00000003     inv_mpu_dmp_motion_driver.o (.rodata..L__const.dmp_set_orientation.accel_axes)
                  00004e40    00000040     libc.a : s_atan.c.obj (.rodata.cst32)
                  00004e80    00000028     inv_mpu.o (.rodata.test)
                  00004ea8    00000026     inv_mpu.o (.rodata.str1.164044180242022920951)
                  00004ece    0000001e     empty.o (.rodata.str1.39261852960327661751)
                  00004eec    0000001d     inv_mpu.o (.rodata.str1.25990274785437993811)
                  00004f09    0000001b     inv_mpu.o (.rodata.reg)
                  00004f24    00000011     libc.a : _printfi.c.obj (.rodata.str1.11645776875810915891)
                  00004f35    00000011            : _printfi.c.obj (.rodata.str1.44690500295887128011)
                  00004f46    0000000c     inv_mpu.o (.rodata.hw)
                  00004f52    0000000c     empty.o (.rodata.str1.7130503275715014631)
                  00004f5e    0000000c     empty.o (.rodata.str1.71922421787461555071)
                  00004f6a    0000000b     empty.o (.rodata.str1.161173632875555205051)
                  00004f75    00000007     empty.o (.rodata.str1.184077852707324555661)
                  00004f7c    00000003     inv_mpu_dmp_motion_driver.o (.rodata..L__const.dmp_set_orientation.gyro_axes)
                  00004f7f    00000002     ti_msp_dl_config.o (.rodata.gI2C_MPU6050ClockConfig)
                  00004f81    00000002     ti_msp_dl_config.o (.rodata.gUART_0ClockConfig)
                  00004f83    0000000d     --HOLE-- [fill = 0]

.init_array 
*          0    00000000    00000000     UNINITIALIZED

.binit     0    00000000    00000000     

.data      0    20200000    00000146     UNINITIALIZED
                  20200000    000000f0     libc.a : defs.c.obj (.data._ftable)
                  202000f0    0000002c     inv_mpu.o (.data.st)
                  2020011c    00000009     inv_mpu.o (.data.gyro_orientation)
                  20200125    00000001     --HOLE--
                  20200126    00000001     inv_mpu_dmp_motion_driver.o (.data.dmp.5)
                  20200127    00000001     --HOLE--
                  20200128    00000004     libc.a : aeabi_portable.c.obj (.data.__aeabi_errno)
                  2020012c    00000004            : _lock.c.obj (.data._lock)
                  20200130    00000004            : _lock.c.obj (.data._unlock)
                  20200134    00000004     inv_mpu_dmp_motion_driver.o (.data.dmp.0)
                  20200138    00000004     inv_mpu_dmp_motion_driver.o (.data.dmp.1)
                  2020013c    00000002     inv_mpu_dmp_motion_driver.o (.data.dmp.2)
                  2020013e    00000002     --HOLE--
                  20200140    00000002     inv_mpu_dmp_motion_driver.o (.data.dmp.3)
                  20200142    00000002     --HOLE--
                  20200144    00000002     inv_mpu_dmp_motion_driver.o (.data.dmp.4)

.bss       0    20200148    00000112     UNINITIALIZED
                  20200148    00000080     (.common:gRxPacket)
                  202001c8    00000080     (.common:gTxPacket)
                  20200248    00000004     (.common:gRxCount)
                  2020024c    00000004     (.common:gRxLen)
                  20200250    00000004     (.common:gTxCount)
                  20200254    00000004     (.common:gTxLen)
                  20200258    00000001     (.common:gI2cControllerStatus)
                  20200259    00000001     (.common:status)

.stack     0    20207e00    00000200     UNINITIALIZED
                  20207e00    00000004     libc.a : boot_cortex_m.c.obj (.stack)
                  20207e04    000001fc     --HOLE--

__llvm_prf_cnts 
*          0    20200000    00000000     UNINITIALIZED

__llvm_prf_bits 
*          0    20200000    00000000     UNINITIALIZED

MODULE SUMMARY

       Module                         code    ro data   rw data
       ------                         ----    -------   -------
    .\
       ti_msp_dl_config.o             396     14        0      
       empty.o                        136     72        1      
       startup_mspm0g350x_ticlang.o   6       192       0      
    +--+------------------------------+-------+---------+---------+
       Total:                         538     278       1      
                                                               
    .\MPU6050\
       inv_mpu_dmp_motion_driver.o    1808    3068      15     
       inv_mpu.o                      3994    222       53     
       bsp_mpu6050.o                  1320    0         273    
       board.o                        592     0         0      
    +--+------------------------------+-------+---------+---------+
       Total:                         7714    3290      341    
                                                               
    C:/ti/mspm0_sdk_2_01_00_03/source/ti/driverlib/lib/ticlang/m0p/mspm0g1x0x_g3x0x/driverlib.a
       dl_i2c.o                       132     0         0      
       dl_uart.o                      122     0         0      
       dl_common.o                    10      0         0      
    +--+------------------------------+-------+---------+---------+
       Total:                         264     0         0      
                                                               
    C:\ti\ccstheia140\ccs\tools\compiler\ti-cgt-armllvm_3.2.2.LTS\lib\armv6m-ti-none-eabi/c/libc.a
       _printfi.c.obj                 2198    34        0      
       e_asin.c.obj                   910     0         0      
       s_atan.c.obj                   784     64        0      
       e_atan2.c.obj                  408     0         0      
       e_sqrt.c.obj                   388     0         0      
       aeabi_ctype.S.obj              0       257       0      
       defs.c.obj                     0       0         240    
       memcpy16.S.obj                 154     0         0      
       copy_decompress_lzss.c.obj     120     0         0      
       printf.c.obj                   108     0         0      
       memset16.S.obj                 98      0         0      
       atoi.c.obj                     64      0         0      
       autoinit.c.obj                 60      0         0      
       boot_cortex_m.c.obj            40      0         0      
       memccpy.c.obj                  34      0         0      
       copy_zero_init.c.obj           22      0         0      
       copy_decompress_none.c.obj     18      0         0      
       wcslen.c.obj                   16      0         0      
       aeabi_portable.c.obj           8       0         4      
       _lock.c.obj                    2       0         8      
       exit.c.obj                     4       0         0      
       pre_init.c.obj                 4       0         0      
    +--+------------------------------+-------+---------+---------+
       Total:                         5440    355       252    
                                                               
    C:\ti\ccstheia140\ccs\tools\compiler\ti-cgt-armllvm_3.2.2.LTS\lib\clang/15.0.7/lib/armv6m-ti-none-eabi/libclang_rt.builtins.a
       adddf3.S.obj                   418     0         0      
       divdf3.S.obj                   268     0         0      
       muldf3.S.obj                   244     0         0      
       comparedf2.c.obj               220     0         0      
       addsf3.S.obj                   216     0         0      
       udivmoddi4.S.obj               162     0         0      
       mulsf3.S.obj                   140     0         0      
       divsf3.S.obj                   130     0         0      
       truncdfsf2.S.obj               116     0         0      
       aeabi_dcmp.S.obj               98      0         0      
       aeabi_uidivmod.S.obj           64      0         0      
       extendsfdf2.S.obj              64      0         0      
       floatsisf.S.obj                60      0         0      
       muldsi3.S.obj                  58      0         0      
       fixsfsi.S.obj                  56      0         0      
       floatunsisf.S.obj              40      0         0      
       muldi3.S.obj                   36      0         0      
       ashldi3.S.obj                  30      0         0      
       aeabi_uldivmod.S.obj           20      0         0      
       aeabi_memset.S.obj             14      0         0      
       aeabi_memcpy.S.obj             8       0         0      
       aeabi_div0.c.obj               4       0         0      
    +--+------------------------------+-------+---------+---------+
       Total:                         2466    0         0      
                                                               
       Stack:                         0       0         512    
       Linker Generated:              0       99        0      
    +--+------------------------------+-------+---------+---------+
       Grand Total:                   16422   4022      1106   


LINKER GENERATED COPY TABLES

__TI_cinit_table @ 00004fe4 records: 2, size/record: 8, table size: 16
	.data: load addr=00004f90, load size=0000003f bytes, run addr=20200000, run size=00000146 bytes, compression=lzss
	.bss: load addr=00004fdc, load size=00000008 bytes, run addr=20200148, run size=00000112 bytes, compression=zero_init


LINKER GENERATED HANDLER TABLE

__TI_handler_table @ 00004fd0 records: 3, size/record: 4, table size: 12
	index: 0, handler: __TI_decompress_lzss
	index: 1, handler: __TI_decompress_none
	index: 2, handler: __TI_zero_init


FAR CALL TRAMPOLINES

callee name               trampoline name
   callee addr  tramp addr   call addr  call info
--------------  -----------  ---------  ----------------
__aeabi_dmul              $Tramp$TT$L$PI$$__aeabi_dmul
   000028ed     00004074     00004072   libc.a : e_asin.c.obj (.text.OUTLINED_FUNCTION_0)
                             0000408c          : s_atan.c.obj (.text.OUTLINED_FUNCTION_0)
                             00004096          : e_asin.c.obj (.text.OUTLINED_FUNCTION_1)
                             0000409e          : s_atan.c.obj (.text.OUTLINED_FUNCTION_2)
                             000040dc          : e_asin.c.obj (.text.OUTLINED_FUNCTION_2)
__aeabi_dadd              $Tramp$TT$L$PI$$__aeabi_dadd
   00001b27     000040c8     000040c4   libc.a : s_atan.c.obj (.text.OUTLINED_FUNCTION_1)
                             000040e0          : e_asin.c.obj (.text.OUTLINED_FUNCTION_3)

[2 trampolines]
[7 trampoline calls]


GLOBAL SYMBOLS: SORTED ALPHABETICALLY BY Name 

address   name                            
-------   ----                            
00001caf  ADC0_IRQHandler                 
00001caf  ADC1_IRQHandler                 
00001caf  AES_IRQHandler                  
000040ea  C$$EXIT                         
00001caf  CANFD0_IRQHandler               
00001caf  DAC0_IRQHandler                 
00004061  DL_Common_delayCycles           
00003aed  DL_I2C_fillControllerTXFIFO     
00003ecd  DL_I2C_setClockConfig           
00003ba9  DL_UART_init                    
00004011  DL_UART_setClockConfig          
00003f3d  DL_UART_transmitDataBlocking    
00001caf  DMA_IRQHandler                  
00001caf  Default_Handler                 
00001caf  GROUP0_IRQHandler               
00001caf  GROUP1_IRQHandler               
00001caf  HardFault_Handler               
00001caf  I2C0_IRQHandler                 
0000270d  I2C1_IRQHandler                 
00002611  MPU6050_Init                    
000017d1  MPU6050_ReadData                
00001cb1  MPU6050_WriteReg                
00001caf  NMI_Handler                     
00001caf  PendSV_Handler                  
00001caf  RTC_IRQHandler                  
000040e3  Reset_Handler                   
00001caf  SPI0_IRQHandler                 
00001caf  SPI1_IRQHandler                 
00001caf  SVC_Handler                     
00003e51  SYSCFG_DL_GPIO_init             
00003895  SYSCFG_DL_I2C_MPU6050_init      
00003bf1  SYSCFG_DL_SYSCTL_init           
00003a8d  SYSCFG_DL_UART_0_init           
00003fb9  SYSCFG_DL_init                  
00003c31  SYSCFG_DL_initPower             
00001caf  SysTick_Handler                 
00001caf  TIMA0_IRQHandler                
00001caf  TIMA1_IRQHandler                
00001caf  TIMG0_IRQHandler                
00001caf  TIMG12_IRQHandler               
00001caf  TIMG6_IRQHandler                
00001caf  TIMG7_IRQHandler                
00001caf  TIMG8_IRQHandler                
00001caf  UART0_IRQHandler                
00001caf  UART1_IRQHandler                
00001caf  UART2_IRQHandler                
00001caf  UART3_IRQHandler                
20208000  __STACK_END                     
00000200  __STACK_SIZE                    
00000000  __TI_ATRegion0_region_sz        
00000000  __TI_ATRegion0_src_addr         
00000000  __TI_ATRegion0_trg_addr         
00000000  __TI_ATRegion1_region_sz        
00000000  __TI_ATRegion1_src_addr         
00000000  __TI_ATRegion1_trg_addr         
00000000  __TI_ATRegion2_region_sz        
00000000  __TI_ATRegion2_src_addr         
00000000  __TI_ATRegion2_trg_addr         
00004fe4  __TI_CINIT_Base                 
00004ff4  __TI_CINIT_Limit                
00004ff4  __TI_CINIT_Warm                 
00004fd0  __TI_Handler_Table_Base         
00004fdc  __TI_Handler_Table_Limit        
00003d6d  __TI_auto_init_nobinit_nopinit  
00003659  __TI_decompress_lzss            
00004023  __TI_decompress_none            
ffffffff  __TI_pprof_out_hndl             
000000c1  __TI_printfi_nofloat            
ffffffff  __TI_prof_data_size             
ffffffff  __TI_prof_data_start            
00000000  __TI_static_base__              
00003fd1  __TI_zero_init_nomemset         
00001b27  __adddf3                        
00002c77  __addsf3                        
00004cf0  __aeabi_ctype_table_            
00004cf0  __aeabi_ctype_table_C           
000036d1  __aeabi_d2f                     
00001b27  __aeabi_dadd                    
000039c9  __aeabi_dcmpeq                  
00003a05  __aeabi_dcmpge                  
00003a19  __aeabi_dcmpgt                  
000039f1  __aeabi_dcmple                  
000039dd  __aeabi_dcmplt                  
00002505  __aeabi_ddiv                    
000028ed  __aeabi_dmul                    
00001b1d  __aeabi_dsub                    
20200128  __aeabi_errno                   
000040a1  __aeabi_errno_addr              
00003cb1  __aeabi_f2d                     
00003de5  __aeabi_f2iz                    
00002c77  __aeabi_fadd                    
000035d5  __aeabi_fdiv                    
00003435  __aeabi_fmul                    
00002c6d  __aeabi_fsub                    
00003d31  __aeabi_i2f                     
00003657  __aeabi_idiv0                   
00003b4b  __aeabi_ldiv0                   
00003f7d  __aeabi_llsl                    
00003ef5  __aeabi_lmul                    
000040a9  __aeabi_memcpy                  
000040a9  __aeabi_memcpy4                 
000040a9  __aeabi_memcpy8                 
00004045  __aeabi_memset                  
00004045  __aeabi_memset4                 
00004045  __aeabi_memset8                 
00003e7d  __aeabi_ui2f                    
00003c71  __aeabi_uidiv                   
00003c71  __aeabi_uidivmod                
00003fe9  __aeabi_uldivmod                
00003f7d  __ashldi3                       
ffffffff  __binit__                       
00003829  __cmpdf2                        
00002505  __divdf3                        
000035d5  __divsf3                        
00003829  __eqdf2                         
00003cb1  __extendsfdf2                   
00003de5  __fixsfsi                       
00003d31  __floatsisf                     
00003e7d  __floatunsisf                   
000037b9  __gedf2                         
000037b9  __gtdf2                         
00003829  __ledf2                         
00003829  __ltdf2                         
UNDEFED   __mpu_init                      
000028ed  __muldf3                        
00003ef5  __muldi3                        
00003da9  __muldsi3                       
00003435  __mulsf3                        
00003829  __nedf2                         
20207e00  __stack                         
20200000  __start___llvm_prf_bits         
20200000  __start___llvm_prf_cnts         
20200000  __stop___llvm_prf_bits          
20200000  __stop___llvm_prf_cnts          
00001b1d  __subdf3                        
00002c6d  __subsf3                        
000036d1  __truncdfsf2                    
000031d1  __udivmoddi4                    
00003ea5  _c_int00_noargs                 
20200000  _ftable                         
2020012c  _lock                           
00003de3  _nop                            
UNDEFED   _system_post_cinit              
000040e7  _system_pre_init                
20200130  _unlock                         
000040eb  abort                           
00000949  asin                            
00000949  asinl                           
00000cb9  atan                            
00001985  atan2                           
00001985  atan2l                          
00000cb9  atanl                           
00003cf1  atoi                            
ffffffff  binit                           
00003f5d  board_init                      
000034c1  delay_ms                        
00000fb1  dmp_enable_feature              
00003f9d  dmp_load_motion_driver_firmware 
00001619  dmp_read_fifo                   
000038fd  dmp_set_fifo_rate               
00002801  dmp_set_orientation             
00002275  dmp_set_tap_thresh              
00003ffd  fputc                           
00002fad  fputs                           
20200258  gI2cControllerStatus            
20200248  gRxCount                        
2020024c  gRxLen                          
20200148  gRxPacket                       
20200250  gTxCount                        
20200254  gTxLen                          
202001c8  gTxPacket                       
00004f46  hw                              
00000000  interruptVectors                
00003071  inv_orientation_matrix_to_scalar
0000354d  main                            
00003f19  memccpy                         
00003273  memcpy                          
00003a2b  memset                          
00003ef3  mget_ms                         
0000330d  mpu_configure_fifo              
00001451  mpu_dmp_get_data                
00002e15  mpu_dmp_init                    
00003e1d  mpu_get_accel_fsr               
0000211d  mpu_init                        
00001fb9  mpu_load_firmware               
0000124d  mpu_lp_accel_mode               
0000312d  mpu_read_fifo_stream            
000023c1  mpu_reset_fifo                  
000033a1  mpu_set_accel_fsr               
00002ab5  mpu_set_bypass                  
00002d45  mpu_set_dmp_state               
00003745  mpu_set_lpf                     
000029d1  mpu_set_sample_rate             
00002b95  mpu_set_sensors                 
00003965  mpu_write_mem                   
00003b4d  printf                          
00002ee1  puts                            
00004f09  reg                             
00001e35  sqrt                            
00001e35  sqrtl                           
20200259  status                          
00004e80  test                            
00004035  wcslen                          


GLOBAL SYMBOLS: SORTED BY Symbol Address 

address   name                            
-------   ----                            
00000000  __TI_ATRegion0_region_sz        
00000000  __TI_ATRegion0_src_addr         
00000000  __TI_ATRegion0_trg_addr         
00000000  __TI_ATRegion1_region_sz        
00000000  __TI_ATRegion1_src_addr         
00000000  __TI_ATRegion1_trg_addr         
00000000  __TI_ATRegion2_region_sz        
00000000  __TI_ATRegion2_src_addr         
00000000  __TI_ATRegion2_trg_addr         
00000000  __TI_static_base__              
00000000  interruptVectors                
000000c1  __TI_printfi_nofloat            
00000200  __STACK_SIZE                    
00000949  asin                            
00000949  asinl                           
00000cb9  atan                            
00000cb9  atanl                           
00000fb1  dmp_enable_feature              
0000124d  mpu_lp_accel_mode               
00001451  mpu_dmp_get_data                
00001619  dmp_read_fifo                   
000017d1  MPU6050_ReadData                
00001985  atan2                           
00001985  atan2l                          
00001b1d  __aeabi_dsub                    
00001b1d  __subdf3                        
00001b27  __adddf3                        
00001b27  __aeabi_dadd                    
00001caf  ADC0_IRQHandler                 
00001caf  ADC1_IRQHandler                 
00001caf  AES_IRQHandler                  
00001caf  CANFD0_IRQHandler               
00001caf  DAC0_IRQHandler                 
00001caf  DMA_IRQHandler                  
00001caf  Default_Handler                 
00001caf  GROUP0_IRQHandler               
00001caf  GROUP1_IRQHandler               
00001caf  HardFault_Handler               
00001caf  I2C0_IRQHandler                 
00001caf  NMI_Handler                     
00001caf  PendSV_Handler                  
00001caf  RTC_IRQHandler                  
00001caf  SPI0_IRQHandler                 
00001caf  SPI1_IRQHandler                 
00001caf  SVC_Handler                     
00001caf  SysTick_Handler                 
00001caf  TIMA0_IRQHandler                
00001caf  TIMA1_IRQHandler                
00001caf  TIMG0_IRQHandler                
00001caf  TIMG12_IRQHandler               
00001caf  TIMG6_IRQHandler                
00001caf  TIMG7_IRQHandler                
00001caf  TIMG8_IRQHandler                
00001caf  UART0_IRQHandler                
00001caf  UART1_IRQHandler                
00001caf  UART2_IRQHandler                
00001caf  UART3_IRQHandler                
00001cb1  MPU6050_WriteReg                
00001e35  sqrt                            
00001e35  sqrtl                           
00001fb9  mpu_load_firmware               
0000211d  mpu_init                        
00002275  dmp_set_tap_thresh              
000023c1  mpu_reset_fifo                  
00002505  __aeabi_ddiv                    
00002505  __divdf3                        
00002611  MPU6050_Init                    
0000270d  I2C1_IRQHandler                 
00002801  dmp_set_orientation             
000028ed  __aeabi_dmul                    
000028ed  __muldf3                        
000029d1  mpu_set_sample_rate             
00002ab5  mpu_set_bypass                  
00002b95  mpu_set_sensors                 
00002c6d  __aeabi_fsub                    
00002c6d  __subsf3                        
00002c77  __addsf3                        
00002c77  __aeabi_fadd                    
00002d45  mpu_set_dmp_state               
00002e15  mpu_dmp_init                    
00002ee1  puts                            
00002fad  fputs                           
00003071  inv_orientation_matrix_to_scalar
0000312d  mpu_read_fifo_stream            
000031d1  __udivmoddi4                    
00003273  memcpy                          
0000330d  mpu_configure_fifo              
000033a1  mpu_set_accel_fsr               
00003435  __aeabi_fmul                    
00003435  __mulsf3                        
000034c1  delay_ms                        
0000354d  main                            
000035d5  __aeabi_fdiv                    
000035d5  __divsf3                        
00003657  __aeabi_idiv0                   
00003659  __TI_decompress_lzss            
000036d1  __aeabi_d2f                     
000036d1  __truncdfsf2                    
00003745  mpu_set_lpf                     
000037b9  __gedf2                         
000037b9  __gtdf2                         
00003829  __cmpdf2                        
00003829  __eqdf2                         
00003829  __ledf2                         
00003829  __ltdf2                         
00003829  __nedf2                         
00003895  SYSCFG_DL_I2C_MPU6050_init      
000038fd  dmp_set_fifo_rate               
00003965  mpu_write_mem                   
000039c9  __aeabi_dcmpeq                  
000039dd  __aeabi_dcmplt                  
000039f1  __aeabi_dcmple                  
00003a05  __aeabi_dcmpge                  
00003a19  __aeabi_dcmpgt                  
00003a2b  memset                          
00003a8d  SYSCFG_DL_UART_0_init           
00003aed  DL_I2C_fillControllerTXFIFO     
00003b4b  __aeabi_ldiv0                   
00003b4d  printf                          
00003ba9  DL_UART_init                    
00003bf1  SYSCFG_DL_SYSCTL_init           
00003c31  SYSCFG_DL_initPower             
00003c71  __aeabi_uidiv                   
00003c71  __aeabi_uidivmod                
00003cb1  __aeabi_f2d                     
00003cb1  __extendsfdf2                   
00003cf1  atoi                            
00003d31  __aeabi_i2f                     
00003d31  __floatsisf                     
00003d6d  __TI_auto_init_nobinit_nopinit  
00003da9  __muldsi3                       
00003de3  _nop                            
00003de5  __aeabi_f2iz                    
00003de5  __fixsfsi                       
00003e1d  mpu_get_accel_fsr               
00003e51  SYSCFG_DL_GPIO_init             
00003e7d  __aeabi_ui2f                    
00003e7d  __floatunsisf                   
00003ea5  _c_int00_noargs                 
00003ecd  DL_I2C_setClockConfig           
00003ef3  mget_ms                         
00003ef5  __aeabi_lmul                    
00003ef5  __muldi3                        
00003f19  memccpy                         
00003f3d  DL_UART_transmitDataBlocking    
00003f5d  board_init                      
00003f7d  __aeabi_llsl                    
00003f7d  __ashldi3                       
00003f9d  dmp_load_motion_driver_firmware 
00003fb9  SYSCFG_DL_init                  
00003fd1  __TI_zero_init_nomemset         
00003fe9  __aeabi_uldivmod                
00003ffd  fputc                           
00004011  DL_UART_setClockConfig          
00004023  __TI_decompress_none            
00004035  wcslen                          
00004045  __aeabi_memset                  
00004045  __aeabi_memset4                 
00004045  __aeabi_memset8                 
00004061  DL_Common_delayCycles           
000040a1  __aeabi_errno_addr              
000040a9  __aeabi_memcpy                  
000040a9  __aeabi_memcpy4                 
000040a9  __aeabi_memcpy8                 
000040e3  Reset_Handler                   
000040e7  _system_pre_init                
000040ea  C$$EXIT                         
000040eb  abort                           
00004cf0  __aeabi_ctype_table_            
00004cf0  __aeabi_ctype_table_C           
00004e80  test                            
00004f09  reg                             
00004f46  hw                              
00004fd0  __TI_Handler_Table_Base         
00004fdc  __TI_Handler_Table_Limit        
00004fe4  __TI_CINIT_Base                 
00004ff4  __TI_CINIT_Limit                
00004ff4  __TI_CINIT_Warm                 
20200000  __start___llvm_prf_bits         
20200000  __start___llvm_prf_cnts         
20200000  __stop___llvm_prf_bits          
20200000  __stop___llvm_prf_cnts          
20200000  _ftable                         
20200128  __aeabi_errno                   
2020012c  _lock                           
20200130  _unlock                         
20200148  gRxPacket                       
202001c8  gTxPacket                       
20200248  gRxCount                        
2020024c  gRxLen                          
20200250  gTxCount                        
20200254  gTxLen                          
20200258  gI2cControllerStatus            
20200259  status                          
20207e00  __stack                         
20208000  __STACK_END                     
ffffffff  __TI_pprof_out_hndl             
ffffffff  __TI_prof_data_size             
ffffffff  __TI_prof_data_start            
ffffffff  __binit__                       
ffffffff  binit                           
UNDEFED   __mpu_init                      
UNDEFED   _system_post_cinit              

[203 symbols]
