<?xml version="1.0" encoding="ISO-8859-1" ?>
<link_info>
   <banner>TI ARM Clang Linker PC v3.2.2.LTS</banner>
   <copyright>Copyright (c) 1996-2018 Texas Instruments Incorporated</copyright>
   <link_time>0x66a72571</link_time>
   <link_errors>0x0</link_errors>
   <output_file>C:\Users\Xing Zhixin\workspace_ccstheia\Encoder_LP_MSPM0G3507_nortos_ticlang\Debug\Encoder_LP_MSPM0G3507_nortos_ticlang.out</output_file>
   <entry_point>
      <name>_c_int00_noargs</name>
      <address>0x3e9</address>
   </entry_point>
   <input_file_list>
      <input_file id="fl-1">
         <path>C:\Users\Xing Zhixin\workspace_ccstheia\Encoder_LP_MSPM0G3507_nortos_ticlang\Debug\.\</path>
         <kind>object</kind>
         <file>empty.o</file>
         <name>empty.o</name>
      </input_file>
      <input_file id="fl-2">
         <path>C:\Users\Xing Zhixin\workspace_ccstheia\Encoder_LP_MSPM0G3507_nortos_ticlang\Debug\.\</path>
         <kind>object</kind>
         <file>ti_msp_dl_config.o</file>
         <name>ti_msp_dl_config.o</name>
      </input_file>
      <input_file id="fl-3">
         <path>C:\Users\Xing Zhixin\workspace_ccstheia\Encoder_LP_MSPM0G3507_nortos_ticlang\Debug\.\</path>
         <kind>object</kind>
         <file>startup_mspm0g350x_ticlang.o</file>
         <name>startup_mspm0g350x_ticlang.o</name>
      </input_file>
      <input_file id="fl-10">
         <path>C:\Users\Xing Zhixin\workspace_ccstheia\Encoder_LP_MSPM0G3507_nortos_ticlang\Debug\</path>
         <kind>object</kind>
         <file>&lt;internal&gt;</file>
         <name>&lt;internal&gt;</name>
      </input_file>
      <input_file id="fl-11">
         <path>C:\ti\mspm0_sdk_2_01_00_03\source\ti\driverlib\lib\ticlang\m0p\mspm0g1x0x_g3x0x\</path>
         <kind>archive</kind>
         <file>driverlib.a</file>
         <name>dl_common.o</name>
      </input_file>
      <input_file id="fl-20">
         <path>C:\ti\ccstheia140\ccs\tools\compiler\ti-cgt-armllvm_3.2.2.LTS\lib\armv6m-ti-none-eabi\c\</path>
         <kind>archive</kind>
         <file>libc.a</file>
         <name>boot_cortex_m.c.obj</name>
      </input_file>
      <input_file id="fl-21">
         <path>C:\ti\ccstheia140\ccs\tools\compiler\ti-cgt-armllvm_3.2.2.LTS\lib\armv6m-ti-none-eabi\c\</path>
         <kind>archive</kind>
         <file>libc.a</file>
         <name>mathacl_init.c.obj</name>
      </input_file>
      <input_file id="fl-22">
         <path>C:\ti\ccstheia140\ccs\tools\compiler\ti-cgt-armllvm_3.2.2.LTS\lib\armv6m-ti-none-eabi\c\</path>
         <kind>archive</kind>
         <file>libc.a</file>
         <name>autoinit.c.obj</name>
      </input_file>
      <input_file id="fl-23">
         <path>C:\ti\ccstheia140\ccs\tools\compiler\ti-cgt-armllvm_3.2.2.LTS\lib\armv6m-ti-none-eabi\c\</path>
         <kind>archive</kind>
         <file>libc.a</file>
         <name>pre_init.c.obj</name>
      </input_file>
      <input_file id="fl-24">
         <path>C:\ti\ccstheia140\ccs\tools\compiler\ti-cgt-armllvm_3.2.2.LTS\lib\armv6m-ti-none-eabi\c\</path>
         <kind>archive</kind>
         <file>libc.a</file>
         <name>cpy_tbl.c.obj</name>
      </input_file>
      <input_file id="fl-25">
         <path>C:\ti\ccstheia140\ccs\tools\compiler\ti-cgt-armllvm_3.2.2.LTS\lib\armv6m-ti-none-eabi\c\</path>
         <kind>archive</kind>
         <file>libc.a</file>
         <name>copy_zero_init.c.obj</name>
      </input_file>
      <input_file id="fl-26">
         <path>C:\ti\ccstheia140\ccs\tools\compiler\ti-cgt-armllvm_3.2.2.LTS\lib\armv6m-ti-none-eabi\c\</path>
         <kind>archive</kind>
         <file>libc.a</file>
         <name>copy_decompress_none.c.obj</name>
      </input_file>
      <input_file id="fl-27">
         <path>C:\ti\ccstheia140\ccs\tools\compiler\ti-cgt-armllvm_3.2.2.LTS\lib\armv6m-ti-none-eabi\c\</path>
         <kind>archive</kind>
         <file>libc.a</file>
         <name>copy_decompress_lzss.c.obj</name>
      </input_file>
      <input_file id="fl-28">
         <path>C:\ti\ccstheia140\ccs\tools\compiler\ti-cgt-armllvm_3.2.2.LTS\lib\armv6m-ti-none-eabi\c\</path>
         <kind>archive</kind>
         <file>libc.a</file>
         <name>exit.c.obj</name>
      </input_file>
      <input_file id="fl-29">
         <path>C:\ti\ccstheia140\ccs\tools\compiler\ti-cgt-armllvm_3.2.2.LTS\lib\armv6m-ti-none-eabi\c\</path>
         <kind>archive</kind>
         <file>libc.a</file>
         <name>_lock.c.obj</name>
      </input_file>
      <input_file id="fl-2a">
         <path>C:\ti\ccstheia140\ccs\tools\compiler\ti-cgt-armllvm_3.2.2.LTS\lib\armv6m-ti-none-eabi\c\</path>
         <kind>archive</kind>
         <file>libc.a</file>
         <name>args_main.c.obj</name>
      </input_file>
      <input_file id="fl-90">
         <path>C:\ti\ccstheia140\ccs\tools\compiler\ti-cgt-armllvm_3.2.2.LTS\lib\clang\15.0.7\lib\armv6m-ti-none-eabi\</path>
         <kind>archive</kind>
         <file>libclang_rt.builtins.a</file>
         <name>aeabi_memcpy.S.obj</name>
      </input_file>
      <input_file id="fl-91">
         <path>C:\ti\ccstheia140\ccs\tools\compiler\ti-cgt-armllvm_3.2.2.LTS\lib\clang\15.0.7\lib\armv6m-ti-none-eabi\</path>
         <kind>archive</kind>
         <file>libclang_rt.builtins.a</file>
         <name>aeabi_memset.S.obj</name>
      </input_file>
      <input_file id="fl-92">
         <path>C:\ti\ccstheia140\ccs\tools\compiler\ti-cgt-armllvm_3.2.2.LTS\lib\armv6m-ti-none-eabi\c\</path>
         <kind>archive</kind>
         <file>libc.a</file>
         <name>memcpy16.S.obj</name>
      </input_file>
      <input_file id="fl-93">
         <path>C:\ti\ccstheia140\ccs\tools\compiler\ti-cgt-armllvm_3.2.2.LTS\lib\armv6m-ti-none-eabi\c\</path>
         <kind>archive</kind>
         <file>libc.a</file>
         <name>memset16.S.obj</name>
      </input_file>
   </input_file_list>
   <object_component_list>
      <object_component id="oc-18">
         <name>.intvecs</name>
         <load_address>0x0</load_address>
         <readonly>true</readonly>
         <run_address>0x0</run_address>
         <size>0xc0</size>
         <alignment>0x4</alignment>
         <input_file_ref idref="fl-3"/>
      </object_component>
      <object_component id="oc-34">
         <name>.text.GROUP1_IRQHandler</name>
         <load_address>0xc0</load_address>
         <readonly>true</readonly>
         <executable>true</executable>
         <run_address>0xc0</run_address>
         <size>0x128</size>
         <alignment>0x4</alignment>
         <input_file_ref idref="fl-1"/>
      </object_component>
      <object_component id="oc-ad">
         <name>.text.SYSCFG_DL_GPIO_init</name>
         <load_address>0x1e8</load_address>
         <readonly>true</readonly>
         <executable>true</executable>
         <run_address>0x1e8</run_address>
         <size>0x98</size>
         <alignment>0x4</alignment>
         <input_file_ref idref="fl-2"/>
      </object_component>
      <object_component id="oc-1c">
         <name>.text:decompress:lzss</name>
         <load_address>0x280</load_address>
         <readonly>true</readonly>
         <executable>true</executable>
         <run_address>0x280</run_address>
         <size>0x78</size>
         <alignment>0x4</alignment>
         <input_file_ref idref="fl-27"/>
      </object_component>
      <object_component id="oc-93">
         <name>.text:__TI_auto_init_nobinit_nopinit</name>
         <load_address>0x2f8</load_address>
         <readonly>true</readonly>
         <executable>true</executable>
         <run_address>0x2f8</run_address>
         <size>0x3c</size>
         <alignment>0x4</alignment>
         <input_file_ref idref="fl-22"/>
      </object_component>
      <object_component id="oc-ac">
         <name>.text.SYSCFG_DL_initPower</name>
         <load_address>0x334</load_address>
         <readonly>true</readonly>
         <executable>true</executable>
         <run_address>0x334</run_address>
         <size>0x34</size>
         <alignment>0x4</alignment>
         <input_file_ref idref="fl-2"/>
      </object_component>
      <object_component id="oc-8b">
         <name>.text.__NVIC_EnableIRQ</name>
         <load_address>0x368</load_address>
         <readonly>true</readonly>
         <executable>true</executable>
         <run_address>0x368</run_address>
         <size>0x2c</size>
         <alignment>0x4</alignment>
         <input_file_ref idref="fl-1"/>
      </object_component>
      <object_component id="oc-ae">
         <name>.text.SYSCFG_DL_SYSCTL_init</name>
         <load_address>0x394</load_address>
         <readonly>true</readonly>
         <executable>true</executable>
         <run_address>0x394</run_address>
         <size>0x2a</size>
         <alignment>0x2</alignment>
         <input_file_ref idref="fl-2"/>
      </object_component>
      <object_component id="oc-db">
         <name>.text.DL_Common_updateReg</name>
         <load_address>0x3be</load_address>
         <readonly>true</readonly>
         <executable>true</executable>
         <run_address>0x3be</run_address>
         <size>0x28</size>
         <alignment>0x2</alignment>
         <input_file_ref idref="fl-2"/>
      </object_component>
      <object_component id="oc-54">
         <name>.text:_c_int00_noargs</name>
         <load_address>0x3e8</load_address>
         <readonly>true</readonly>
         <executable>true</executable>
         <run_address>0x3e8</run_address>
         <size>0x28</size>
         <alignment>0x4</alignment>
         <input_file_ref idref="fl-20"/>
      </object_component>
      <object_component id="oc-71">
         <name>.text.main</name>
         <load_address>0x410</load_address>
         <readonly>true</readonly>
         <executable>true</executable>
         <run_address>0x410</run_address>
         <size>0x1e</size>
         <alignment>0x2</alignment>
         <input_file_ref idref="fl-1"/>
      </object_component>
      <object_component id="oc-5d">
         <name>.text.DL_GPIO_clearInterruptStatus</name>
         <load_address>0x430</load_address>
         <readonly>true</readonly>
         <executable>true</executable>
         <run_address>0x430</run_address>
         <size>0x1c</size>
         <alignment>0x4</alignment>
         <input_file_ref idref="fl-1"/>
      </object_component>
      <object_component id="oc-c7">
         <name>.text.DL_GPIO_clearInterruptStatus</name>
         <load_address>0x44c</load_address>
         <readonly>true</readonly>
         <executable>true</executable>
         <run_address>0x44c</run_address>
         <size>0x1c</size>
         <alignment>0x4</alignment>
         <input_file_ref idref="fl-2"/>
      </object_component>
      <object_component id="oc-c8">
         <name>.text.DL_GPIO_enableInterrupt</name>
         <load_address>0x468</load_address>
         <readonly>true</readonly>
         <executable>true</executable>
         <run_address>0x468</run_address>
         <size>0x1c</size>
         <alignment>0x4</alignment>
         <input_file_ref idref="fl-2"/>
      </object_component>
      <object_component id="oc-c4">
         <name>.text.DL_GPIO_initDigitalInput</name>
         <load_address>0x484</load_address>
         <readonly>true</readonly>
         <executable>true</executable>
         <run_address>0x484</run_address>
         <size>0x1c</size>
         <alignment>0x4</alignment>
         <input_file_ref idref="fl-2"/>
      </object_component>
      <object_component id="oc-c5">
         <name>.text.DL_GPIO_setLowerPinsPolarity</name>
         <load_address>0x4a0</load_address>
         <readonly>true</readonly>
         <executable>true</executable>
         <run_address>0x4a0</run_address>
         <size>0x1c</size>
         <alignment>0x4</alignment>
         <input_file_ref idref="fl-2"/>
      </object_component>
      <object_component id="oc-ce">
         <name>.text.DL_SYSCTL_setMCLKDivider</name>
         <load_address>0x4bc</load_address>
         <readonly>true</readonly>
         <executable>true</executable>
         <run_address>0x4bc</run_address>
         <size>0x1c</size>
         <alignment>0x4</alignment>
         <input_file_ref idref="fl-2"/>
      </object_component>
      <object_component id="oc-ca">
         <name>.text.DL_SYSCTL_setSYSOSCFreq</name>
         <load_address>0x4d8</load_address>
         <readonly>true</readonly>
         <executable>true</executable>
         <run_address>0x4d8</run_address>
         <size>0x1c</size>
         <alignment>0x4</alignment>
         <input_file_ref idref="fl-2"/>
      </object_component>
      <object_component id="oc-cd">
         <name>.text.DL_SYSCTL_setULPCLKDivider</name>
         <load_address>0x4f4</load_address>
         <readonly>true</readonly>
         <executable>true</executable>
         <run_address>0x4f4</run_address>
         <size>0x1c</size>
         <alignment>0x4</alignment>
         <input_file_ref idref="fl-2"/>
      </object_component>
      <object_component id="oc-bf">
         <name>.text.DL_GPIO_enablePower</name>
         <load_address>0x510</load_address>
         <readonly>true</readonly>
         <executable>true</executable>
         <run_address>0x510</run_address>
         <size>0x18</size>
         <alignment>0x4</alignment>
         <input_file_ref idref="fl-2"/>
      </object_component>
      <object_component id="oc-5b">
         <name>.text.DL_GPIO_getEnabledInterruptStatus</name>
         <load_address>0x528</load_address>
         <readonly>true</readonly>
         <executable>true</executable>
         <run_address>0x528</run_address>
         <size>0x18</size>
         <alignment>0x4</alignment>
         <input_file_ref idref="fl-1"/>
      </object_component>
      <object_component id="oc-be">
         <name>.text.DL_GPIO_reset</name>
         <load_address>0x540</load_address>
         <readonly>true</readonly>
         <executable>true</executable>
         <run_address>0x540</run_address>
         <size>0x18</size>
         <alignment>0x4</alignment>
         <input_file_ref idref="fl-2"/>
      </object_component>
      <object_component id="oc-c6">
         <name>.text.DL_GPIO_setUpperPinsPolarity</name>
         <load_address>0x558</load_address>
         <readonly>true</readonly>
         <executable>true</executable>
         <run_address>0x558</run_address>
         <size>0x18</size>
         <alignment>0x2</alignment>
         <input_file_ref idref="fl-2"/>
      </object_component>
      <object_component id="oc-c9">
         <name>.text.DL_SYSCTL_setBORThreshold</name>
         <load_address>0x570</load_address>
         <readonly>true</readonly>
         <executable>true</executable>
         <run_address>0x570</run_address>
         <size>0x18</size>
         <alignment>0x4</alignment>
         <input_file_ref idref="fl-2"/>
      </object_component>
      <object_component id="oc-5c">
         <name>.text.DL_GPIO_readPins</name>
         <load_address>0x588</load_address>
         <readonly>true</readonly>
         <executable>true</executable>
         <run_address>0x588</run_address>
         <size>0x16</size>
         <alignment>0x2</alignment>
         <input_file_ref idref="fl-1"/>
      </object_component>
      <object_component id="oc-cc">
         <name>.text.DL_SYSCTL_disableSYSPLL</name>
         <load_address>0x5a0</load_address>
         <readonly>true</readonly>
         <executable>true</executable>
         <run_address>0x5a0</run_address>
         <size>0x14</size>
         <alignment>0x4</alignment>
         <input_file_ref idref="fl-2"/>
      </object_component>
      <object_component id="oc-7c">
         <name>.text:TI_memcpy_small</name>
         <load_address>0x5b4</load_address>
         <readonly>true</readonly>
         <executable>true</executable>
         <run_address>0x5b4</run_address>
         <size>0x12</size>
         <alignment>0x1</alignment>
         <input_file_ref idref="fl-92"/>
      </object_component>
      <object_component id="oc-20">
         <name>.text:decompress:none</name>
         <load_address>0x5c6</load_address>
         <readonly>true</readonly>
         <executable>true</executable>
         <run_address>0x5c6</run_address>
         <size>0x12</size>
         <alignment>0x2</alignment>
         <input_file_ref idref="fl-26"/>
      </object_component>
      <object_component id="oc-cb">
         <name>.text.DL_SYSCTL_disableHFXT</name>
         <load_address>0x5d8</load_address>
         <readonly>true</readonly>
         <executable>true</executable>
         <run_address>0x5d8</run_address>
         <size>0x10</size>
         <alignment>0x4</alignment>
         <input_file_ref idref="fl-2"/>
      </object_component>
      <object_component id="oc-86">
         <name>.text.SYSCFG_DL_init</name>
         <load_address>0x5e8</load_address>
         <readonly>true</readonly>
         <executable>true</executable>
         <run_address>0x5e8</run_address>
         <size>0x10</size>
         <alignment>0x2</alignment>
         <input_file_ref idref="fl-2"/>
      </object_component>
      <object_component id="oc-c0">
         <name>.text.DL_Common_delayCycles</name>
         <load_address>0x5f8</load_address>
         <readonly>true</readonly>
         <executable>true</executable>
         <run_address>0x5f8</run_address>
         <size>0xa</size>
         <alignment>0x2</alignment>
         <input_file_ref idref="fl-11"/>
      </object_component>
      <object_component id="oc-44">
         <name>.text.__aeabi_memcpy</name>
         <load_address>0x604</load_address>
         <readonly>true</readonly>
         <executable>true</executable>
         <run_address>0x604</run_address>
         <size>0x8</size>
         <alignment>0x4</alignment>
         <input_file_ref idref="fl-90"/>
      </object_component>
      <object_component id="oc-33">
         <name>.text.Default_Handler</name>
         <load_address>0x60c</load_address>
         <readonly>true</readonly>
         <executable>true</executable>
         <run_address>0x60c</run_address>
         <size>0x4</size>
         <alignment>0x2</alignment>
         <input_file_ref idref="fl-3"/>
      </object_component>
      <object_component id="oc-2f">
         <name>.text.Reset_Handler</name>
         <load_address>0x610</load_address>
         <readonly>true</readonly>
         <executable>true</executable>
         <run_address>0x610</run_address>
         <size>0x4</size>
         <alignment>0x2</alignment>
         <input_file_ref idref="fl-3"/>
      </object_component>
      <object_component id="oc-6d">
         <name>.text._system_pre_init</name>
         <load_address>0x614</load_address>
         <readonly>true</readonly>
         <executable>true</executable>
         <run_address>0x614</run_address>
         <size>0x4</size>
         <alignment>0x2</alignment>
         <input_file_ref idref="fl-23"/>
      </object_component>
      <object_component id="oc-8c">
         <name>.text:abort</name>
         <load_address>0x618</load_address>
         <readonly>true</readonly>
         <executable>true</executable>
         <run_address>0x618</run_address>
         <size>0x4</size>
         <alignment>0x2</alignment>
         <input_file_ref idref="fl-28"/>
      </object_component>
      <object_component id="oc-11b">
         <name>__TI_handler_table</name>
         <load_address>0x620</load_address>
         <readonly>true</readonly>
         <run_address>0x620</run_address>
         <size>0x8</size>
         <alignment>0x4</alignment>
      </object_component>
      <object_component id="oc-11d">
         <name>.cinit..data.load</name>
         <load_address>0x628</load_address>
         <readonly>true</readonly>
         <run_address>0x628</run_address>
         <size>0x7</size>
         <alignment>0x1</alignment>
      </object_component>
      <object_component id="oc-11c">
         <name>__TI_cinit_table</name>
         <load_address>0x630</load_address>
         <readonly>true</readonly>
         <run_address>0x630</run_address>
         <size>0x8</size>
         <alignment>0x4</alignment>
      </object_component>
      <object_component id="oc-e5">
         <name>.binit</name>
         <load_address>0x0</load_address>
         <readonly>true</readonly>
         <run_address>0x0</run_address>
         <size>0x0</size>
         <alignment>0x4</alignment>
      </object_component>
      <object_component id="oc-60">
         <name>.data.Front_Left_Count</name>
         <load_address>0x20200008</load_address>
         <readwrite>true</readwrite>
         <run_address>0x20200008</run_address>
         <size>0x4</size>
         <alignment>0x4</alignment>
         <input_file_ref idref="fl-1"/>
      </object_component>
      <object_component id="oc-5e">
         <name>.data.Front_Right_Count</name>
         <load_address>0x2020000c</load_address>
         <readwrite>true</readwrite>
         <run_address>0x2020000c</run_address>
         <size>0x4</size>
         <alignment>0x4</alignment>
         <input_file_ref idref="fl-1"/>
      </object_component>
      <object_component id="oc-61">
         <name>.data.Back_Left_Count</name>
         <load_address>0x20200000</load_address>
         <readwrite>true</readwrite>
         <run_address>0x20200000</run_address>
         <size>0x4</size>
         <alignment>0x4</alignment>
         <input_file_ref idref="fl-1"/>
      </object_component>
      <object_component id="oc-5f">
         <name>.data.Back_Right_Count</name>
         <load_address>0x20200004</load_address>
         <readwrite>true</readwrite>
         <run_address>0x20200004</run_address>
         <size>0x4</size>
         <alignment>0x4</alignment>
         <input_file_ref idref="fl-1"/>
      </object_component>
      <object_component id="oc-1a">
         <name>.stack</name>
         <uninitialized>true</uninitialized>
         <readwrite>true</readwrite>
         <run_address>0x20207e00</run_address>
         <size>0x4</size>
         <alignment>0x4</alignment>
         <input_file_ref idref="fl-20"/>
      </object_component>
      <object_component id="oc-11f">
         <name>.stack</name>
         <uninitialized>true</uninitialized>
         <readwrite>true</readwrite>
         <run_address>0x20207e00</run_address>
         <size>0x0</size>
         <alignment>0x8</alignment>
      </object_component>
      <object_component id="oc-62">
         <name>.debug_abbrev</name>
         <load_address>0x0</load_address>
         <run_address>0x0</run_address>
         <size>0x173</size>
         <alignment>0x1</alignment>
         <input_file_ref idref="fl-1"/>
      </object_component>
      <object_component id="oc-af">
         <name>.debug_abbrev</name>
         <load_address>0x173</load_address>
         <run_address>0x173</run_address>
         <size>0x197</size>
         <alignment>0x1</alignment>
         <input_file_ref idref="fl-2"/>
      </object_component>
      <object_component id="oc-39">
         <name>.debug_abbrev</name>
         <load_address>0x30a</load_address>
         <run_address>0x30a</run_address>
         <size>0x6d</size>
         <alignment>0x1</alignment>
         <input_file_ref idref="fl-3"/>
      </object_component>
      <object_component id="oc-d8">
         <name>.debug_abbrev</name>
         <load_address>0x377</load_address>
         <run_address>0x377</run_address>
         <size>0x62</size>
         <alignment>0x1</alignment>
         <input_file_ref idref="fl-11"/>
      </object_component>
      <object_component id="oc-3b">
         <name>.debug_abbrev</name>
         <load_address>0x3d9</load_address>
         <run_address>0x3d9</run_address>
         <size>0xaf</size>
         <alignment>0x1</alignment>
         <input_file_ref idref="fl-20"/>
      </object_component>
      <object_component id="oc-b7">
         <name>.debug_abbrev</name>
         <load_address>0x488</load_address>
         <run_address>0x488</run_address>
         <size>0x186</size>
         <alignment>0x1</alignment>
         <input_file_ref idref="fl-22"/>
      </object_component>
      <object_component id="oc-84">
         <name>.debug_abbrev</name>
         <load_address>0x60e</load_address>
         <run_address>0x60e</run_address>
         <size>0x39</size>
         <alignment>0x1</alignment>
         <input_file_ref idref="fl-23"/>
      </object_component>
      <object_component id="oc-48">
         <name>.debug_abbrev</name>
         <load_address>0x647</load_address>
         <run_address>0x647</run_address>
         <size>0x70</size>
         <alignment>0x1</alignment>
         <input_file_ref idref="fl-26"/>
      </object_component>
      <object_component id="oc-40">
         <name>.debug_abbrev</name>
         <load_address>0x6b7</load_address>
         <run_address>0x6b7</run_address>
         <size>0x8d</size>
         <alignment>0x1</alignment>
         <input_file_ref idref="fl-27"/>
      </object_component>
      <object_component id="oc-b1">
         <name>.debug_abbrev</name>
         <load_address>0x744</load_address>
         <run_address>0x744</run_address>
         <size>0xb3</size>
         <alignment>0x1</alignment>
         <input_file_ref idref="fl-28"/>
      </object_component>
      <object_component id="oc-65">
         <name>.debug_abbrev</name>
         <load_address>0x7f7</load_address>
         <run_address>0x7f7</run_address>
         <size>0x27</size>
         <alignment>0x1</alignment>
         <input_file_ref idref="fl-90"/>
      </object_component>
      <object_component id="oc-a5">
         <name>.debug_abbrev</name>
         <load_address>0x81e</load_address>
         <run_address>0x81e</run_address>
         <size>0x25</size>
         <alignment>0x1</alignment>
         <input_file_ref idref="fl-92"/>
      </object_component>
      <object_component id="oc-121">
         <name>.debug_abbrev</name>
         <load_address>0x843</load_address>
         <run_address>0x843</run_address>
         <size>0xf</size>
         <alignment>0x0</alignment>
      </object_component>
      <object_component id="oc-37">
         <name>.debug_info</name>
         <load_address>0x0</load_address>
         <run_address>0x0</run_address>
         <size>0xa74</size>
         <alignment>0x1</alignment>
         <input_file_ref idref="fl-1"/>
      </object_component>
      <object_component id="oc-8a">
         <name>.debug_info</name>
         <load_address>0xa74</load_address>
         <run_address>0xa74</run_address>
         <size>0x2104</size>
         <alignment>0x1</alignment>
         <input_file_ref idref="fl-2"/>
      </object_component>
      <object_component id="oc-19">
         <name>.debug_info</name>
         <load_address>0x2b78</load_address>
         <run_address>0x2b78</run_address>
         <size>0x80</size>
         <alignment>0x1</alignment>
         <input_file_ref idref="fl-3"/>
      </object_component>
      <object_component id="oc-c2">
         <name>.debug_info</name>
         <load_address>0x2bf8</load_address>
         <run_address>0x2bf8</run_address>
         <size>0x75</size>
         <alignment>0x1</alignment>
         <input_file_ref idref="fl-11"/>
      </object_component>
      <object_component id="oc-1b">
         <name>.debug_info</name>
         <load_address>0x2c6d</load_address>
         <run_address>0x2c6d</run_address>
         <size>0x423</size>
         <alignment>0x1</alignment>
         <input_file_ref idref="fl-20"/>
      </object_component>
      <object_component id="oc-97">
         <name>.debug_info</name>
         <load_address>0x3090</load_address>
         <run_address>0x3090</run_address>
         <size>0x74a</size>
         <alignment>0x1</alignment>
         <input_file_ref idref="fl-22"/>
      </object_component>
      <object_component id="oc-6e">
         <name>.debug_info</name>
         <load_address>0x37da</load_address>
         <run_address>0x37da</run_address>
         <size>0x46</size>
         <alignment>0x1</alignment>
         <input_file_ref idref="fl-23"/>
      </object_component>
      <object_component id="oc-23">
         <name>.debug_info</name>
         <load_address>0x3820</load_address>
         <run_address>0x3820</run_address>
         <size>0xc6</size>
         <alignment>0x1</alignment>
         <input_file_ref idref="fl-26"/>
      </object_component>
      <object_component id="oc-1e">
         <name>.debug_info</name>
         <load_address>0x38e6</load_address>
         <run_address>0x38e6</run_address>
         <size>0x180</size>
         <alignment>0x1</alignment>
         <input_file_ref idref="fl-27"/>
      </object_component>
      <object_component id="oc-8d">
         <name>.debug_info</name>
         <load_address>0x3a66</load_address>
         <run_address>0x3a66</run_address>
         <size>0xed</size>
         <alignment>0x1</alignment>
         <input_file_ref idref="fl-28"/>
      </object_component>
      <object_component id="oc-47">
         <name>.debug_info</name>
         <load_address>0x3b53</load_address>
         <run_address>0x3b53</run_address>
         <size>0x19e</size>
         <alignment>0x1</alignment>
         <input_file_ref idref="fl-90"/>
      </object_component>
      <object_component id="oc-7f">
         <name>.debug_info</name>
         <load_address>0x3cf1</load_address>
         <run_address>0x3cf1</run_address>
         <size>0x2fa</size>
         <alignment>0x1</alignment>
         <input_file_ref idref="fl-92"/>
      </object_component>
      <object_component id="oc-120">
         <name>.debug_info</name>
         <load_address>0x3feb</load_address>
         <run_address>0x3feb</run_address>
         <size>0xc6</size>
         <alignment>0x0</alignment>
      </object_component>
      <object_component id="oc-35">
         <name>.debug_ranges</name>
         <load_address>0x0</load_address>
         <run_address>0x0</run_address>
         <size>0x38</size>
         <alignment>0x1</alignment>
         <input_file_ref idref="fl-1"/>
      </object_component>
      <object_component id="oc-88">
         <name>.debug_ranges</name>
         <load_address>0x38</load_address>
         <run_address>0x38</run_address>
         <size>0x98</size>
         <alignment>0x1</alignment>
         <input_file_ref idref="fl-2"/>
      </object_component>
      <object_component id="oc-30">
         <name>.debug_ranges</name>
         <load_address>0xd0</load_address>
         <run_address>0xd0</run_address>
         <size>0x18</size>
         <alignment>0x1</alignment>
         <input_file_ref idref="fl-3"/>
      </object_component>
      <object_component id="oc-3e">
         <name>.debug_ranges</name>
         <load_address>0xe8</load_address>
         <run_address>0xe8</run_address>
         <size>0x48</size>
         <alignment>0x1</alignment>
         <input_file_ref idref="fl-20"/>
      </object_component>
      <object_component id="oc-95">
         <name>.debug_ranges</name>
         <load_address>0x130</load_address>
         <run_address>0x130</run_address>
         <size>0xa8</size>
         <alignment>0x1</alignment>
         <input_file_ref idref="fl-22"/>
      </object_component>
      <object_component id="oc-43">
         <name>.debug_ranges</name>
         <load_address>0x1d8</load_address>
         <run_address>0x1d8</run_address>
         <size>0x30</size>
         <alignment>0x1</alignment>
         <input_file_ref idref="fl-27"/>
      </object_component>
      <object_component id="oc-8e">
         <name>.debug_ranges</name>
         <load_address>0x208</load_address>
         <run_address>0x208</run_address>
         <size>0x18</size>
         <alignment>0x1</alignment>
         <input_file_ref idref="fl-28"/>
      </object_component>
      <object_component id="oc-7e">
         <name>.debug_ranges</name>
         <load_address>0x220</load_address>
         <run_address>0x220</run_address>
         <size>0x28</size>
         <alignment>0x1</alignment>
         <input_file_ref idref="fl-92"/>
      </object_component>
      <object_component id="oc-63">
         <name>.debug_str</name>
         <load_address>0x0</load_address>
         <run_address>0x0</run_address>
         <size>0x7ad</size>
         <alignment>0x1</alignment>
         <input_file_ref idref="fl-1"/>
      </object_component>
      <object_component id="oc-b0">
         <name>.debug_str</name>
         <load_address>0x7ad</load_address>
         <run_address>0x7ad</run_address>
         <size>0x14cf</size>
         <alignment>0x1</alignment>
         <input_file_ref idref="fl-2"/>
      </object_component>
      <object_component id="oc-3a">
         <name>.debug_str</name>
         <load_address>0x1c7c</load_address>
         <run_address>0x1c7c</run_address>
         <size>0x17d</size>
         <alignment>0x1</alignment>
         <input_file_ref idref="fl-3"/>
      </object_component>
      <object_component id="oc-d9">
         <name>.debug_str</name>
         <load_address>0x1df9</load_address>
         <run_address>0x1df9</run_address>
         <size>0x177</size>
         <alignment>0x1</alignment>
         <input_file_ref idref="fl-11"/>
      </object_component>
      <object_component id="oc-3c">
         <name>.debug_str</name>
         <load_address>0x1f70</load_address>
         <run_address>0x1f70</run_address>
         <size>0x225</size>
         <alignment>0x1</alignment>
         <input_file_ref idref="fl-20"/>
      </object_component>
      <object_component id="oc-b8">
         <name>.debug_str</name>
         <load_address>0x2195</load_address>
         <run_address>0x2195</run_address>
         <size>0x32f</size>
         <alignment>0x1</alignment>
         <input_file_ref idref="fl-22"/>
      </object_component>
      <object_component id="oc-85">
         <name>.debug_str</name>
         <load_address>0x24c4</load_address>
         <run_address>0x24c4</run_address>
         <size>0xf5</size>
         <alignment>0x1</alignment>
         <input_file_ref idref="fl-23"/>
      </object_component>
      <object_component id="oc-49">
         <name>.debug_str</name>
         <load_address>0x25b9</load_address>
         <run_address>0x25b9</run_address>
         <size>0x168</size>
         <alignment>0x1</alignment>
         <input_file_ref idref="fl-26"/>
      </object_component>
      <object_component id="oc-41">
         <name>.debug_str</name>
         <load_address>0x2721</load_address>
         <run_address>0x2721</run_address>
         <size>0x1d5</size>
         <alignment>0x1</alignment>
         <input_file_ref idref="fl-27"/>
      </object_component>
      <object_component id="oc-b2">
         <name>.debug_str</name>
         <load_address>0x28f6</load_address>
         <run_address>0x28f6</run_address>
         <size>0x13f</size>
         <alignment>0x1</alignment>
         <input_file_ref idref="fl-28"/>
      </object_component>
      <object_component id="oc-38">
         <name>.debug_frame</name>
         <load_address>0x0</load_address>
         <run_address>0x0</run_address>
         <size>0x98</size>
         <alignment>0x4</alignment>
         <input_file_ref idref="fl-1"/>
      </object_component>
      <object_component id="oc-87">
         <name>.debug_frame</name>
         <load_address>0x98</load_address>
         <run_address>0x98</run_address>
         <size>0x1a4</size>
         <alignment>0x4</alignment>
         <input_file_ref idref="fl-2"/>
      </object_component>
      <object_component id="oc-32">
         <name>.debug_frame</name>
         <load_address>0x23c</load_address>
         <run_address>0x23c</run_address>
         <size>0x30</size>
         <alignment>0x4</alignment>
         <input_file_ref idref="fl-3"/>
      </object_component>
      <object_component id="oc-c1">
         <name>.debug_frame</name>
         <load_address>0x26c</load_address>
         <run_address>0x26c</run_address>
         <size>0x20</size>
         <alignment>0x4</alignment>
         <input_file_ref idref="fl-11"/>
      </object_component>
      <object_component id="oc-53">
         <name>.debug_frame</name>
         <load_address>0x28c</load_address>
         <run_address>0x28c</run_address>
         <size>0x90</size>
         <alignment>0x4</alignment>
         <input_file_ref idref="fl-20"/>
      </object_component>
      <object_component id="oc-96">
         <name>.debug_frame</name>
         <load_address>0x31c</load_address>
         <run_address>0x31c</run_address>
         <size>0x100</size>
         <alignment>0x4</alignment>
         <input_file_ref idref="fl-22"/>
      </object_component>
      <object_component id="oc-70">
         <name>.debug_frame</name>
         <load_address>0x41c</load_address>
         <run_address>0x41c</run_address>
         <size>0x20</size>
         <alignment>0x4</alignment>
         <input_file_ref idref="fl-23"/>
      </object_component>
      <object_component id="oc-21">
         <name>.debug_frame</name>
         <load_address>0x43c</load_address>
         <run_address>0x43c</run_address>
         <size>0x28</size>
         <alignment>0x4</alignment>
         <input_file_ref idref="fl-26"/>
      </object_component>
      <object_component id="oc-1d">
         <name>.debug_frame</name>
         <load_address>0x464</load_address>
         <run_address>0x464</run_address>
         <size>0x30</size>
         <alignment>0x4</alignment>
         <input_file_ref idref="fl-27"/>
      </object_component>
      <object_component id="oc-90">
         <name>.debug_frame</name>
         <load_address>0x494</load_address>
         <run_address>0x494</run_address>
         <size>0x30</size>
         <alignment>0x4</alignment>
         <input_file_ref idref="fl-28"/>
      </object_component>
      <object_component id="oc-36">
         <name>.debug_line</name>
         <load_address>0x0</load_address>
         <run_address>0x0</run_address>
         <size>0x3b6</size>
         <alignment>0x1</alignment>
         <input_file_ref idref="fl-1"/>
      </object_component>
      <object_component id="oc-89">
         <name>.debug_line</name>
         <load_address>0x3b6</load_address>
         <run_address>0x3b6</run_address>
         <size>0x583</size>
         <alignment>0x1</alignment>
         <input_file_ref idref="fl-2"/>
      </object_component>
      <object_component id="oc-31">
         <name>.debug_line</name>
         <load_address>0x939</load_address>
         <run_address>0x939</run_address>
         <size>0xba</size>
         <alignment>0x1</alignment>
         <input_file_ref idref="fl-3"/>
      </object_component>
      <object_component id="oc-c3">
         <name>.debug_line</name>
         <load_address>0x9f3</load_address>
         <run_address>0x9f3</run_address>
         <size>0xe4</size>
         <alignment>0x1</alignment>
         <input_file_ref idref="fl-11"/>
      </object_component>
      <object_component id="oc-3d">
         <name>.debug_line</name>
         <load_address>0xad7</load_address>
         <run_address>0xad7</run_address>
         <size>0x1fe</size>
         <alignment>0x1</alignment>
         <input_file_ref idref="fl-20"/>
      </object_component>
      <object_component id="oc-98">
         <name>.debug_line</name>
         <load_address>0xcd5</load_address>
         <run_address>0xcd5</run_address>
         <size>0x4fb</size>
         <alignment>0x1</alignment>
         <input_file_ref idref="fl-22"/>
      </object_component>
      <object_component id="oc-6f">
         <name>.debug_line</name>
         <load_address>0x11d0</load_address>
         <run_address>0x11d0</run_address>
         <size>0x3e</size>
         <alignment>0x1</alignment>
         <input_file_ref idref="fl-23"/>
      </object_component>
      <object_component id="oc-22">
         <name>.debug_line</name>
         <load_address>0x120e</load_address>
         <run_address>0x120e</run_address>
         <size>0xbf</size>
         <alignment>0x1</alignment>
         <input_file_ref idref="fl-26"/>
      </object_component>
      <object_component id="oc-1f">
         <name>.debug_line</name>
         <load_address>0x12cd</load_address>
         <run_address>0x12cd</run_address>
         <size>0x1c7</size>
         <alignment>0x1</alignment>
         <input_file_ref idref="fl-27"/>
      </object_component>
      <object_component id="oc-8f">
         <name>.debug_line</name>
         <load_address>0x1494</load_address>
         <run_address>0x1494</run_address>
         <size>0x6b</size>
         <alignment>0x1</alignment>
         <input_file_ref idref="fl-28"/>
      </object_component>
      <object_component id="oc-46">
         <name>.debug_line</name>
         <load_address>0x14ff</load_address>
         <run_address>0x14ff</run_address>
         <size>0xa4</size>
         <alignment>0x1</alignment>
         <input_file_ref idref="fl-90"/>
      </object_component>
      <object_component id="oc-80">
         <name>.debug_line</name>
         <load_address>0x15a3</load_address>
         <run_address>0x15a3</run_address>
         <size>0xa0</size>
         <alignment>0x1</alignment>
         <input_file_ref idref="fl-92"/>
      </object_component>
      <object_component id="oc-da">
         <name>.debug_loc</name>
         <load_address>0x0</load_address>
         <run_address>0x0</run_address>
         <size>0x13</size>
         <alignment>0x1</alignment>
         <input_file_ref idref="fl-11"/>
      </object_component>
      <object_component id="oc-3f">
         <name>.debug_loc</name>
         <load_address>0x13</load_address>
         <run_address>0x13</run_address>
         <size>0xd8</size>
         <alignment>0x1</alignment>
         <input_file_ref idref="fl-20"/>
      </object_component>
      <object_component id="oc-94">
         <name>.debug_loc</name>
         <load_address>0xeb</load_address>
         <run_address>0xeb</run_address>
         <size>0x480</size>
         <alignment>0x1</alignment>
         <input_file_ref idref="fl-22"/>
      </object_component>
      <object_component id="oc-4a">
         <name>.debug_loc</name>
         <load_address>0x56b</load_address>
         <run_address>0x56b</run_address>
         <size>0x6f</size>
         <alignment>0x1</alignment>
         <input_file_ref idref="fl-26"/>
      </object_component>
      <object_component id="oc-42">
         <name>.debug_loc</name>
         <load_address>0x5da</load_address>
         <run_address>0x5da</run_address>
         <size>0x166</size>
         <alignment>0x1</alignment>
         <input_file_ref idref="fl-27"/>
      </object_component>
      <object_component id="oc-92">
         <name>.debug_loc</name>
         <load_address>0x740</load_address>
         <run_address>0x740</run_address>
         <size>0x26</size>
         <alignment>0x1</alignment>
         <input_file_ref idref="fl-28"/>
      </object_component>
      <object_component id="oc-45">
         <name>.debug_aranges</name>
         <load_address>0x0</load_address>
         <run_address>0x0</run_address>
         <size>0x20</size>
         <alignment>0x1</alignment>
         <input_file_ref idref="fl-90"/>
      </object_component>
      <object_component id="oc-7d">
         <name>.debug_aranges</name>
         <load_address>0x20</load_address>
         <run_address>0x20</run_address>
         <size>0x28</size>
         <alignment>0x1</alignment>
         <input_file_ref idref="fl-92"/>
      </object_component>
   </object_component_list>
   <logical_group_list>
      <logical_group id="lg-2" display="no" color="cyan">
         <name>.intvecs</name>
         <load_address>0x0</load_address>
         <run_address>0x0</run_address>
         <size>0xc0</size>
         <contents>
            <object_component_ref idref="oc-18"/>
         </contents>
      </logical_group>
      <logical_group id="lg-3" display="no" color="cyan">
         <name>.text</name>
         <load_address>0xc0</load_address>
         <run_address>0xc0</run_address>
         <size>0x560</size>
         <contents>
            <object_component_ref idref="oc-34"/>
            <object_component_ref idref="oc-ad"/>
            <object_component_ref idref="oc-1c"/>
            <object_component_ref idref="oc-93"/>
            <object_component_ref idref="oc-ac"/>
            <object_component_ref idref="oc-8b"/>
            <object_component_ref idref="oc-ae"/>
            <object_component_ref idref="oc-db"/>
            <object_component_ref idref="oc-54"/>
            <object_component_ref idref="oc-71"/>
            <object_component_ref idref="oc-5d"/>
            <object_component_ref idref="oc-c7"/>
            <object_component_ref idref="oc-c8"/>
            <object_component_ref idref="oc-c4"/>
            <object_component_ref idref="oc-c5"/>
            <object_component_ref idref="oc-ce"/>
            <object_component_ref idref="oc-ca"/>
            <object_component_ref idref="oc-cd"/>
            <object_component_ref idref="oc-bf"/>
            <object_component_ref idref="oc-5b"/>
            <object_component_ref idref="oc-be"/>
            <object_component_ref idref="oc-c6"/>
            <object_component_ref idref="oc-c9"/>
            <object_component_ref idref="oc-5c"/>
            <object_component_ref idref="oc-cc"/>
            <object_component_ref idref="oc-7c"/>
            <object_component_ref idref="oc-20"/>
            <object_component_ref idref="oc-cb"/>
            <object_component_ref idref="oc-86"/>
            <object_component_ref idref="oc-c0"/>
            <object_component_ref idref="oc-44"/>
            <object_component_ref idref="oc-33"/>
            <object_component_ref idref="oc-2f"/>
            <object_component_ref idref="oc-6d"/>
            <object_component_ref idref="oc-8c"/>
         </contents>
      </logical_group>
      <logical_group id="lg-4" display="no" color="cyan">
         <name>.const</name>
         <run_address>0x0</run_address>
         <size>0x0</size>
         <contents>
         </contents>
      </logical_group>
      <logical_group id="lg-5" display="no" color="cyan">
         <name>.cinit</name>
         <load_address>0x620</load_address>
         <run_address>0x620</run_address>
         <size>0x18</size>
         <contents>
            <object_component_ref idref="oc-11b"/>
            <object_component_ref idref="oc-11d"/>
            <object_component_ref idref="oc-11c"/>
         </contents>
      </logical_group>
      <logical_group id="lg-6" display="no" color="cyan">
         <name>.pinit</name>
         <run_address>0x0</run_address>
         <size>0x0</size>
         <contents>
         </contents>
      </logical_group>
      <logical_group id="lg-7" display="no" color="cyan">
         <name>.rodata</name>
         <run_address>0x0</run_address>
         <size>0x0</size>
         <contents>
         </contents>
      </logical_group>
      <logical_group id="lg-8" display="no" color="cyan">
         <name>.ARM.exidx</name>
         <run_address>0x0</run_address>
         <size>0x0</size>
         <contents>
         </contents>
      </logical_group>
      <logical_group id="lg-9" display="no" color="cyan">
         <name>.init_array</name>
         <run_address>0x0</run_address>
         <size>0x0</size>
         <contents>
         </contents>
      </logical_group>
      <logical_group id="lg-a" display="no" color="cyan">
         <name>.binit</name>
         <load_address>0x0</load_address>
         <run_address>0x0</run_address>
         <size>0x0</size>
         <contents>
            <object_component_ref idref="oc-e5"/>
         </contents>
      </logical_group>
      <logical_group id="lg-b" display="no" color="cyan">
         <name>.TI.ramfunc</name>
         <run_address>0x0</run_address>
         <size>0x0</size>
         <contents>
         </contents>
      </logical_group>
      <logical_group id="lg-c" display="no" color="cyan">
         <name>.vtable</name>
         <run_address>0x0</run_address>
         <size>0x0</size>
         <contents>
         </contents>
      </logical_group>
      <logical_group id="lg-d" display="no" color="cyan">
         <name>.args</name>
         <run_address>0x0</run_address>
         <size>0x0</size>
         <contents>
         </contents>
      </logical_group>
      <logical_group id="lg-e" display="no" color="cyan">
         <name>.data</name>
         <run_address>0x20200000</run_address>
         <size>0x10</size>
         <contents>
            <object_component_ref idref="oc-60"/>
            <object_component_ref idref="oc-5e"/>
            <object_component_ref idref="oc-61"/>
            <object_component_ref idref="oc-5f"/>
         </contents>
      </logical_group>
      <logical_group id="lg-f" display="no" color="cyan">
         <name>.bss</name>
         <run_address>0x0</run_address>
         <size>0x0</size>
         <contents>
         </contents>
      </logical_group>
      <logical_group id="lg-10" display="no" color="cyan">
         <name>.sysmem</name>
         <run_address>0x0</run_address>
         <size>0x0</size>
         <contents>
         </contents>
      </logical_group>
      <logical_group id="lg-11" display="no" color="cyan">
         <name>.stack</name>
         <run_address>0x20207e00</run_address>
         <size>0x200</size>
         <contents>
            <object_component_ref idref="oc-1a"/>
            <object_component_ref idref="oc-11f"/>
         </contents>
      </logical_group>
      <logical_group id="lg-12" display="no" color="cyan">
         <name>.BCRConfig</name>
         <run_address>0x0</run_address>
         <size>0x0</size>
         <contents>
         </contents>
      </logical_group>
      <logical_group id="lg-13" display="no" color="cyan">
         <name>.BSLConfig</name>
         <run_address>0x0</run_address>
         <size>0x0</size>
         <contents>
         </contents>
      </logical_group>
      <logical_group id="lg-dc" display="no" color="cyan">
         <name>.TI.noinit</name>
         <run_address>0x0</run_address>
         <size>0x0</size>
         <contents>
         </contents>
      </logical_group>
      <logical_group id="lg-dd" display="no" color="cyan">
         <name>.TI.persistent</name>
         <run_address>0x0</run_address>
         <size>0x0</size>
         <contents>
         </contents>
      </logical_group>
      <logical_group id="lg-de" display="no" color="cyan">
         <name>.TI.local</name>
         <run_address>0x0</run_address>
         <size>0x0</size>
         <contents>
         </contents>
      </logical_group>
      <logical_group id="lg-df" display="no" color="cyan">
         <name>.TI.onchip</name>
         <run_address>0x0</run_address>
         <size>0x0</size>
         <contents>
         </contents>
      </logical_group>
      <logical_group id="lg-e0" display="no" color="cyan">
         <name>.TI.offchip</name>
         <run_address>0x0</run_address>
         <size>0x0</size>
         <contents>
         </contents>
      </logical_group>
      <logical_group id="lg-e1" display="no" color="cyan">
         <name>__llvm_prf_cnts</name>
         <run_address>0x20200000</run_address>
         <size>0x0</size>
         <contents>
         </contents>
      </logical_group>
      <logical_group id="lg-e3" display="no" color="cyan">
         <name>__llvm_prf_bits</name>
         <run_address>0x20200000</run_address>
         <size>0x0</size>
         <contents>
         </contents>
      </logical_group>
      <logical_group id="lg-ff" display="never" color="cyan">
         <name>.debug_abbrev</name>
         <load_address>0x0</load_address>
         <run_address>0x0</run_address>
         <size>0x852</size>
         <contents>
            <object_component_ref idref="oc-62"/>
            <object_component_ref idref="oc-af"/>
            <object_component_ref idref="oc-39"/>
            <object_component_ref idref="oc-d8"/>
            <object_component_ref idref="oc-3b"/>
            <object_component_ref idref="oc-b7"/>
            <object_component_ref idref="oc-84"/>
            <object_component_ref idref="oc-48"/>
            <object_component_ref idref="oc-40"/>
            <object_component_ref idref="oc-b1"/>
            <object_component_ref idref="oc-65"/>
            <object_component_ref idref="oc-a5"/>
            <object_component_ref idref="oc-121"/>
         </contents>
      </logical_group>
      <logical_group id="lg-101" display="never" color="cyan">
         <name>.debug_info</name>
         <load_address>0x0</load_address>
         <run_address>0x0</run_address>
         <size>0x40b1</size>
         <contents>
            <object_component_ref idref="oc-37"/>
            <object_component_ref idref="oc-8a"/>
            <object_component_ref idref="oc-19"/>
            <object_component_ref idref="oc-c2"/>
            <object_component_ref idref="oc-1b"/>
            <object_component_ref idref="oc-97"/>
            <object_component_ref idref="oc-6e"/>
            <object_component_ref idref="oc-23"/>
            <object_component_ref idref="oc-1e"/>
            <object_component_ref idref="oc-8d"/>
            <object_component_ref idref="oc-47"/>
            <object_component_ref idref="oc-7f"/>
            <object_component_ref idref="oc-120"/>
         </contents>
      </logical_group>
      <logical_group id="lg-103" display="never" color="cyan">
         <name>.debug_ranges</name>
         <load_address>0x0</load_address>
         <run_address>0x0</run_address>
         <size>0x248</size>
         <contents>
            <object_component_ref idref="oc-35"/>
            <object_component_ref idref="oc-88"/>
            <object_component_ref idref="oc-30"/>
            <object_component_ref idref="oc-3e"/>
            <object_component_ref idref="oc-95"/>
            <object_component_ref idref="oc-43"/>
            <object_component_ref idref="oc-8e"/>
            <object_component_ref idref="oc-7e"/>
         </contents>
      </logical_group>
      <logical_group id="lg-105" display="never" color="cyan">
         <name>.debug_str</name>
         <load_address>0x0</load_address>
         <run_address>0x0</run_address>
         <size>0x2a35</size>
         <contents>
            <object_component_ref idref="oc-63"/>
            <object_component_ref idref="oc-b0"/>
            <object_component_ref idref="oc-3a"/>
            <object_component_ref idref="oc-d9"/>
            <object_component_ref idref="oc-3c"/>
            <object_component_ref idref="oc-b8"/>
            <object_component_ref idref="oc-85"/>
            <object_component_ref idref="oc-49"/>
            <object_component_ref idref="oc-41"/>
            <object_component_ref idref="oc-b2"/>
         </contents>
      </logical_group>
      <logical_group id="lg-107" display="never" color="cyan">
         <name>.debug_frame</name>
         <load_address>0x0</load_address>
         <run_address>0x0</run_address>
         <size>0x4c4</size>
         <contents>
            <object_component_ref idref="oc-38"/>
            <object_component_ref idref="oc-87"/>
            <object_component_ref idref="oc-32"/>
            <object_component_ref idref="oc-c1"/>
            <object_component_ref idref="oc-53"/>
            <object_component_ref idref="oc-96"/>
            <object_component_ref idref="oc-70"/>
            <object_component_ref idref="oc-21"/>
            <object_component_ref idref="oc-1d"/>
            <object_component_ref idref="oc-90"/>
         </contents>
      </logical_group>
      <logical_group id="lg-109" display="never" color="cyan">
         <name>.debug_line</name>
         <load_address>0x0</load_address>
         <run_address>0x0</run_address>
         <size>0x1643</size>
         <contents>
            <object_component_ref idref="oc-36"/>
            <object_component_ref idref="oc-89"/>
            <object_component_ref idref="oc-31"/>
            <object_component_ref idref="oc-c3"/>
            <object_component_ref idref="oc-3d"/>
            <object_component_ref idref="oc-98"/>
            <object_component_ref idref="oc-6f"/>
            <object_component_ref idref="oc-22"/>
            <object_component_ref idref="oc-1f"/>
            <object_component_ref idref="oc-8f"/>
            <object_component_ref idref="oc-46"/>
            <object_component_ref idref="oc-80"/>
         </contents>
      </logical_group>
      <logical_group id="lg-10b" display="never" color="cyan">
         <name>.debug_loc</name>
         <load_address>0x0</load_address>
         <run_address>0x0</run_address>
         <size>0x766</size>
         <contents>
            <object_component_ref idref="oc-da"/>
            <object_component_ref idref="oc-3f"/>
            <object_component_ref idref="oc-94"/>
            <object_component_ref idref="oc-4a"/>
            <object_component_ref idref="oc-42"/>
            <object_component_ref idref="oc-92"/>
         </contents>
      </logical_group>
      <logical_group id="lg-115" display="never" color="cyan">
         <name>.debug_aranges</name>
         <load_address>0x0</load_address>
         <run_address>0x0</run_address>
         <size>0x48</size>
         <contents>
            <object_component_ref idref="oc-45"/>
            <object_component_ref idref="oc-7d"/>
         </contents>
      </logical_group>
      <logical_group id="lg-11e" display="no" color="cyan">
         <name>Veneer$$CMSE</name>
         <run_address>0x0</run_address>
         <size>0x0</size>
         <contents>
         </contents>
      </logical_group>
      <load_segment id="lg-128" display="no" color="cyan">
         <name>SEGMENT_0</name>
         <load_address>0x0</load_address>
         <run_address>0x0</run_address>
         <size>0x638</size>
         <flags>0x5</flags>
         <contents>
            <logical_group_ref idref="lg-2"/>
            <logical_group_ref idref="lg-3"/>
            <logical_group_ref idref="lg-5"/>
         </contents>
      </load_segment>
      <load_segment id="lg-129" display="no" color="cyan">
         <name>SEGMENT_1</name>
         <run_address>0x20200000</run_address>
         <size>0x10</size>
         <flags>0x6</flags>
         <contents>
            <logical_group_ref idref="lg-e"/>
         </contents>
      </load_segment>
      <load_segment id="lg-12a" display="no" color="cyan">
         <name>SEGMENT_2</name>
         <run_address>0x20207e00</run_address>
         <size>0x200</size>
         <flags>0x6</flags>
         <contents>
            <logical_group_ref idref="lg-11"/>
         </contents>
      </load_segment>
   </logical_group_list>
   <placement_map>
      <memory_area display="yes" color="green">
         <name>FLASH</name>
         <page_id>0x0</page_id>
         <origin>0x0</origin>
         <length>0x20000</length>
         <used_space>0x638</used_space>
         <unused_space>0x1f9c8</unused_space>
         <attributes>RX</attributes>
         <usage_details>
            <allocated_space>
               <start_address>0x0</start_address>
               <size>0x0</size>
               <logical_group_ref idref="lg-a"/>
            </allocated_space>
            <allocated_space>
               <start_address>0x0</start_address>
               <size>0xc0</size>
               <logical_group_ref idref="lg-2"/>
            </allocated_space>
            <allocated_space>
               <start_address>0xc0</start_address>
               <size>0x560</size>
               <logical_group_ref idref="lg-3"/>
            </allocated_space>
            <allocated_space>
               <start_address>0x620</start_address>
               <size>0x18</size>
               <logical_group_ref idref="lg-5"/>
            </allocated_space>
            <available_space>
               <start_address>0x638</start_address>
               <size>0x1f9c8</size>
            </available_space>
         </usage_details>
      </memory_area>
      <memory_area display="yes" color="green">
         <name>SRAM</name>
         <page_id>0x0</page_id>
         <origin>0x20200000</origin>
         <length>0x8000</length>
         <used_space>0x210</used_space>
         <unused_space>0x7df0</unused_space>
         <attributes>RWX</attributes>
         <usage_details>
            <allocated_space>
               <start_address>0x20200000</start_address>
               <size>0x0</size>
               <logical_group_ref idref="lg-e1"/>
            </allocated_space>
            <allocated_space>
               <start_address>0x20200000</start_address>
               <size>0x0</size>
               <logical_group_ref idref="lg-e3"/>
            </allocated_space>
            <allocated_space>
               <start_address>0x20200000</start_address>
               <size>0x10</size>
               <logical_group_ref idref="lg-e"/>
            </allocated_space>
            <available_space>
               <start_address>0x20200010</start_address>
               <size>0x7df0</size>
            </available_space>
            <allocated_space>
               <start_address>0x20207e00</start_address>
               <size>0x200</size>
               <logical_group_ref idref="lg-11"/>
            </allocated_space>
         </usage_details>
      </memory_area>
      <memory_area display="yes" color="green">
         <name>BCR_CONFIG</name>
         <page_id>0x0</page_id>
         <origin>0x41c00000</origin>
         <length>0x80</length>
         <used_space>0x0</used_space>
         <unused_space>0x80</unused_space>
         <attributes>R</attributes>
         <usage_details>
         </usage_details>
      </memory_area>
      <memory_area display="yes" color="green">
         <name>BSL_CONFIG</name>
         <page_id>0x0</page_id>
         <origin>0x41c00100</origin>
         <length>0x80</length>
         <used_space>0x0</used_space>
         <unused_space>0x80</unused_space>
         <attributes>R</attributes>
         <usage_details>
         </usage_details>
      </memory_area>
   </placement_map>
   <cptbl_list>
      <cptbl>
         <name>__TI_cinit_table</name>
         <cprec>
            <name>.data</name>
            <load_address>0x628</load_address>
            <load_size>0x7</load_size>
            <run_address>0x20200000</run_address>
            <run_size>0x10</run_size>
            <compression>lzss</compression>
         </cprec>
      </cptbl>
   </cptbl_list>
   <handler_table>
      <handler_table_name>__TI_handler_table</handler_table_name>
      <handler>
         <index>0x0</index>
         <name>__TI_decompress_lzss</name>
      </handler>
      <handler>
         <index>0x1</index>
         <name>__TI_decompress_none</name>
      </handler>
   </handler_table>
   <symbol_table>
      <symbol id="sm-1">
         <name>__start___llvm_prf_cnts</name>
         <value>0x20200000</value>
      </symbol>
      <symbol id="sm-2">
         <name>__stop___llvm_prf_cnts</name>
         <value>0x20200000</value>
      </symbol>
      <symbol id="sm-3">
         <name>__start___llvm_prf_bits</name>
         <value>0x20200000</value>
      </symbol>
      <symbol id="sm-4">
         <name>__stop___llvm_prf_bits</name>
         <value>0x20200000</value>
      </symbol>
      <symbol id="sm-5">
         <name>__TI_CINIT_Base</name>
         <value>0x630</value>
      </symbol>
      <symbol id="sm-6">
         <name>__TI_CINIT_Limit</name>
         <value>0x638</value>
      </symbol>
      <symbol id="sm-7">
         <name>__TI_CINIT_Warm</name>
         <value>0x638</value>
      </symbol>
      <symbol id="sm-8">
         <name>__TI_Handler_Table_Base</name>
         <value>0x620</value>
      </symbol>
      <symbol id="sm-9">
         <name>__TI_Handler_Table_Limit</name>
         <value>0x628</value>
      </symbol>
      <symbol id="sm-a">
         <name>binit</name>
         <value>0xffffffff</value>
      </symbol>
      <symbol id="sm-b">
         <name>__binit__</name>
         <value>0xffffffff</value>
      </symbol>
      <symbol id="sm-c">
         <name>__STACK_SIZE</name>
         <value>0x200</value>
      </symbol>
      <symbol id="sm-d">
         <name>__STACK_END</name>
         <value>0x20208000</value>
      </symbol>
      <symbol id="sm-e">
         <name>__TI_pprof_out_hndl</name>
         <value>0xffffffff</value>
      </symbol>
      <symbol id="sm-f">
         <name>__TI_prof_data_start</name>
         <value>0xffffffff</value>
      </symbol>
      <symbol id="sm-10">
         <name>__TI_prof_data_size</name>
         <value>0xffffffff</value>
      </symbol>
      <symbol id="sm-4d">
         <name>main</name>
         <value>0x411</value>
         <object_component_ref idref="oc-71"/>
      </symbol>
      <symbol id="sm-4e">
         <name>GROUP1_IRQHandler</name>
         <value>0xc1</value>
         <object_component_ref idref="oc-34"/>
      </symbol>
      <symbol id="sm-4f">
         <name>Front_Right_Count</name>
         <value>0x2020000c</value>
         <object_component_ref idref="oc-5e"/>
      </symbol>
      <symbol id="sm-50">
         <name>Back_Right_Count</name>
         <value>0x20200004</value>
         <object_component_ref idref="oc-5f"/>
      </symbol>
      <symbol id="sm-51">
         <name>Front_Left_Count</name>
         <value>0x20200008</value>
         <object_component_ref idref="oc-60"/>
      </symbol>
      <symbol id="sm-52">
         <name>Back_Left_Count</name>
         <value>0x20200000</value>
         <object_component_ref idref="oc-61"/>
      </symbol>
      <symbol id="sm-99">
         <name>SYSCFG_DL_init</name>
         <value>0x5e9</value>
         <object_component_ref idref="oc-86"/>
      </symbol>
      <symbol id="sm-9a">
         <name>SYSCFG_DL_initPower</name>
         <value>0x335</value>
         <object_component_ref idref="oc-ac"/>
      </symbol>
      <symbol id="sm-9b">
         <name>SYSCFG_DL_GPIO_init</name>
         <value>0x1e9</value>
         <object_component_ref idref="oc-ad"/>
      </symbol>
      <symbol id="sm-9c">
         <name>SYSCFG_DL_SYSCTL_init</name>
         <value>0x395</value>
         <object_component_ref idref="oc-ae"/>
      </symbol>
      <symbol id="sm-a7">
         <name>Default_Handler</name>
         <value>0x60d</value>
         <object_component_ref idref="oc-33"/>
      </symbol>
      <symbol id="sm-a8">
         <name>Reset_Handler</name>
         <value>0x611</value>
         <object_component_ref idref="oc-2f"/>
      </symbol>
      <symbol id="sm-a9">
         <name>interruptVectors</name>
         <value>0x0</value>
         <object_component_ref idref="oc-18"/>
      </symbol>
      <symbol id="sm-aa">
         <name>NMI_Handler</name>
         <value>0x60d</value>
         <object_component_ref idref="oc-33"/>
      </symbol>
      <symbol id="sm-ab">
         <name>HardFault_Handler</name>
         <value>0x60d</value>
         <object_component_ref idref="oc-33"/>
      </symbol>
      <symbol id="sm-ac">
         <name>SVC_Handler</name>
         <value>0x60d</value>
         <object_component_ref idref="oc-33"/>
      </symbol>
      <symbol id="sm-ad">
         <name>PendSV_Handler</name>
         <value>0x60d</value>
         <object_component_ref idref="oc-33"/>
      </symbol>
      <symbol id="sm-ae">
         <name>SysTick_Handler</name>
         <value>0x60d</value>
         <object_component_ref idref="oc-33"/>
      </symbol>
      <symbol id="sm-af">
         <name>GROUP0_IRQHandler</name>
         <value>0x60d</value>
         <object_component_ref idref="oc-33"/>
      </symbol>
      <symbol id="sm-b0">
         <name>TIMG8_IRQHandler</name>
         <value>0x60d</value>
         <object_component_ref idref="oc-33"/>
      </symbol>
      <symbol id="sm-b1">
         <name>UART3_IRQHandler</name>
         <value>0x60d</value>
         <object_component_ref idref="oc-33"/>
      </symbol>
      <symbol id="sm-b2">
         <name>ADC0_IRQHandler</name>
         <value>0x60d</value>
         <object_component_ref idref="oc-33"/>
      </symbol>
      <symbol id="sm-b3">
         <name>ADC1_IRQHandler</name>
         <value>0x60d</value>
         <object_component_ref idref="oc-33"/>
      </symbol>
      <symbol id="sm-b4">
         <name>CANFD0_IRQHandler</name>
         <value>0x60d</value>
         <object_component_ref idref="oc-33"/>
      </symbol>
      <symbol id="sm-b5">
         <name>DAC0_IRQHandler</name>
         <value>0x60d</value>
         <object_component_ref idref="oc-33"/>
      </symbol>
      <symbol id="sm-b6">
         <name>SPI0_IRQHandler</name>
         <value>0x60d</value>
         <object_component_ref idref="oc-33"/>
      </symbol>
      <symbol id="sm-b7">
         <name>SPI1_IRQHandler</name>
         <value>0x60d</value>
         <object_component_ref idref="oc-33"/>
      </symbol>
      <symbol id="sm-b8">
         <name>UART1_IRQHandler</name>
         <value>0x60d</value>
         <object_component_ref idref="oc-33"/>
      </symbol>
      <symbol id="sm-b9">
         <name>UART2_IRQHandler</name>
         <value>0x60d</value>
         <object_component_ref idref="oc-33"/>
      </symbol>
      <symbol id="sm-ba">
         <name>UART0_IRQHandler</name>
         <value>0x60d</value>
         <object_component_ref idref="oc-33"/>
      </symbol>
      <symbol id="sm-bb">
         <name>TIMG0_IRQHandler</name>
         <value>0x60d</value>
         <object_component_ref idref="oc-33"/>
      </symbol>
      <symbol id="sm-bc">
         <name>TIMG6_IRQHandler</name>
         <value>0x60d</value>
         <object_component_ref idref="oc-33"/>
      </symbol>
      <symbol id="sm-bd">
         <name>TIMA0_IRQHandler</name>
         <value>0x60d</value>
         <object_component_ref idref="oc-33"/>
      </symbol>
      <symbol id="sm-be">
         <name>TIMA1_IRQHandler</name>
         <value>0x60d</value>
         <object_component_ref idref="oc-33"/>
      </symbol>
      <symbol id="sm-bf">
         <name>TIMG7_IRQHandler</name>
         <value>0x60d</value>
         <object_component_ref idref="oc-33"/>
      </symbol>
      <symbol id="sm-c0">
         <name>TIMG12_IRQHandler</name>
         <value>0x60d</value>
         <object_component_ref idref="oc-33"/>
      </symbol>
      <symbol id="sm-c1">
         <name>I2C0_IRQHandler</name>
         <value>0x60d</value>
         <object_component_ref idref="oc-33"/>
      </symbol>
      <symbol id="sm-c2">
         <name>I2C1_IRQHandler</name>
         <value>0x60d</value>
         <object_component_ref idref="oc-33"/>
      </symbol>
      <symbol id="sm-c3">
         <name>AES_IRQHandler</name>
         <value>0x60d</value>
         <object_component_ref idref="oc-33"/>
      </symbol>
      <symbol id="sm-c4">
         <name>RTC_IRQHandler</name>
         <value>0x60d</value>
         <object_component_ref idref="oc-33"/>
      </symbol>
      <symbol id="sm-c5">
         <name>DMA_IRQHandler</name>
         <value>0x60d</value>
         <object_component_ref idref="oc-33"/>
      </symbol>
      <symbol id="sm-c6">
         <name>__TI_ATRegion0_src_addr</name>
         <value>0x0</value>
      </symbol>
      <symbol id="sm-c7">
         <name>__TI_ATRegion0_trg_addr</name>
         <value>0x0</value>
      </symbol>
      <symbol id="sm-c8">
         <name>__TI_ATRegion0_region_sz</name>
         <value>0x0</value>
      </symbol>
      <symbol id="sm-c9">
         <name>__TI_ATRegion1_src_addr</name>
         <value>0x0</value>
      </symbol>
      <symbol id="sm-ca">
         <name>__TI_ATRegion1_trg_addr</name>
         <value>0x0</value>
      </symbol>
      <symbol id="sm-cb">
         <name>__TI_ATRegion1_region_sz</name>
         <value>0x0</value>
      </symbol>
      <symbol id="sm-cc">
         <name>__TI_ATRegion2_src_addr</name>
         <value>0x0</value>
      </symbol>
      <symbol id="sm-cd">
         <name>__TI_ATRegion2_trg_addr</name>
         <value>0x0</value>
      </symbol>
      <symbol id="sm-ce">
         <name>__TI_ATRegion2_region_sz</name>
         <value>0x0</value>
      </symbol>
      <symbol id="sm-d7">
         <name>DL_Common_delayCycles</name>
         <value>0x5f9</value>
         <object_component_ref idref="oc-c0"/>
      </symbol>
      <symbol id="sm-e2">
         <name>_c_int00_noargs</name>
         <value>0x3e9</value>
         <object_component_ref idref="oc-54"/>
      </symbol>
      <symbol id="sm-e3">
         <name>__stack</name>
         <value>0x20207e00</value>
         <object_component_ref idref="oc-1a"/>
      </symbol>
      <symbol id="sm-ef">
         <name>__TI_auto_init_nobinit_nopinit</name>
         <value>0x2f9</value>
         <object_component_ref idref="oc-93"/>
      </symbol>
      <symbol id="sm-f7">
         <name>_system_pre_init</name>
         <value>0x615</value>
         <object_component_ref idref="oc-6d"/>
      </symbol>
      <symbol id="sm-102">
         <name>__TI_decompress_none</name>
         <value>0x5c7</value>
         <object_component_ref idref="oc-20"/>
      </symbol>
      <symbol id="sm-10d">
         <name>__TI_decompress_lzss</name>
         <value>0x281</value>
         <object_component_ref idref="oc-1c"/>
      </symbol>
      <symbol id="sm-117">
         <name>abort</name>
         <value>0x619</value>
         <object_component_ref idref="oc-8c"/>
      </symbol>
      <symbol id="sm-118">
         <name>C$$EXIT</name>
         <value>0x618</value>
         <object_component_ref idref="oc-8c"/>
      </symbol>
      <symbol id="sm-120">
         <name>__aeabi_memcpy</name>
         <value>0x605</value>
         <object_component_ref idref="oc-44"/>
      </symbol>
      <symbol id="sm-121">
         <name>__aeabi_memcpy4</name>
         <value>0x605</value>
         <object_component_ref idref="oc-44"/>
      </symbol>
      <symbol id="sm-122">
         <name>__aeabi_memcpy8</name>
         <value>0x605</value>
         <object_component_ref idref="oc-44"/>
      </symbol>
      <symbol id="sm-12b">
         <name>TI_memcpy_small</name>
         <value>0x5b5</value>
         <object_component_ref idref="oc-7c"/>
      </symbol>
      <symbol id="sm-12c">
         <name>__TI_static_base__</name>
         <value>0x0</value>
      </symbol>
      <symbol id="sm-12f">
         <name>__mpu_init</name>
         <value>0x0</value>
      </symbol>
      <symbol id="sm-130">
         <name>_system_post_cinit</name>
         <value>0x0</value>
      </symbol>
   </symbol_table>
   <title>Link successful</title>
</link_info>
